 Container docker-acct0-1  Recreate
 Container docker-acct1-1  Recreate
 Container docker-acct2-1  Recreate
 Container docker-acct2-1  Recreated
 Container docker-node2-1  Recreate
 Container docker-node5-1  Recreate
 Container docker-acct1-1  Recreated
 Container docker-node1-1  Recreate
 Container docker-node4-1  Recreate
 Container docker-acct0-1  Recreated
 Container docker-node3-1  Recreate
 Container docker-node6-1  Recreate
 Container docker-node0-1  Recreate
 Container docker-node5-1  Recreated
 Container docker-node2-1  Recreated
 Container docker-node4-1  Recreated
 Container docker-node1-1  Recreated
 Container docker-node6-1  Recreated
 Container docker-node3-1  Recreated
 Container docker-node0-1  Recreated
Attaching to acct0-1, acct1-1, acct2-1, node0-1, node1-1, node2-1, node3-1, node4-1, node5-1, node6-1
acct2-1  | 
acct2-1  | received from 5: bootstrap_req
acct1-1  | 
acct1-1  | received from 4: bootstrap_req
acct2-1  | 
acct2-1  | received from 2: bootstrap_req
acct1-1  | 
acct1-1  | received from 1: bootstrap_req
acct0-1  | 
acct0-1  | received from 6: bootstrap_req
acct0-1  | 
acct0-1  | received from 0: bootstrap_req
acct0-1  | 
acct0-1  | received from 3: bootstrap_req
acct1-1  | 
acct1-1  | received from 4: proof a6l6jYCWHHDgA0FRRldoX4vPufafcCzeCGpV2acd8180cWUcpK5JqZWqI1uPc31_ZYKLDZmiAgWXU1VxH4F6JaV3rO6yfYpGUrU9UzhLzQN1PjnnmEmCo2EtNtKZrEwklZPTIljg174nmC4ZpBo=
acct1-1  | 
acct1-1  | succesfully decrypted proof
acct1-1  | no receipts found in proof
acct1-1  | node4 used: 0 forwarded: 0 threshold: 16384
acct1-1  | allowed send for 4
node4-1  | 
node4-1  | [replay_honest] sending packet wkTObZrAvsQ=
node4-1  | 
node4-1  | packet reached destination: wkTObZrAvsQ= replay_honest0
node2-1  | 
node2-1  | scheduled message. prev packet id: 2_first, new packet id: qfMFSPr6Feg=
node2-1  | computed route: 2 3 1 
node2-1  | delay: 3s message: 2_first 3 1 message1 from node2
node2-1  | 
node2-1  | scheduled message. prev packet id: 2_second, new packet id: cPayv9mnO_E=
node2-1  | computed route: 2 5 0 
node2-1  | delay: 8s message: 2_second 8 0 message2 from node2
node2-1  | 
node2-1  | scheduled message. prev packet id: 2_third, new packet id: ckDpuYYlF28=
node2-1  | computed route: 2 3 1 
node2-1  | delay: 13s message: 2_third 13 1 third message from node2 without forwarding
node2-1  | 
node2-1  | scheduled message. prev packet id: 2_fourth, new packet id: QiW6x2EBAwc=
node2-1  | computed route: 2 5 4 3 1 
node2-1  | delay: 24s message: 2_fourth 24 1 message4 from node2
node1-1  | 
node1-1  | [skip_verify] sending packet xd2hO3CoRPg=
node1-1  | 
node1-1  | signature verification failed for packet xd2hO3CoRPg=. dropping packet
node3-1  | 
node3-1  | scheduled message. prev packet id: 3_first, new packet id: xvyH2uD69kI=
node3-1  | computed route: 3 2 6 
node3-1  | delay: 18s message: 3_first 18 6 message1 from node3
acct1-1  | 
acct1-1  | received from 4: proof QaA6D7_i-67zG29WevfB5gTB2KkyGXwZZRY6BeU_OTyFdH8_xUS0pETj3PONp8IlkruCpVyswjPSJuys1XqdReBMUn8uZ-FiCB1pe_ggLFw8tKHy2ivBMcxaN77M1kJ4DYbX1xtl9FBiGUOkweU=
acct1-1  | 
acct1-1  | succesfully decrypted proof
acct1-1  | no receipts found in proof
acct1-1  | node4 used: 8192 forwarded: 0 threshold: 16384
acct1-1  | allowed send for 4
node4-1  | 
node4-1  | [replay_honest] sending packet gkmiFtT_8nc=
node4-1  | 
node4-1  | packet reached destination: gkmiFtT_8nc= replay_honest1
node1-1  | 
node1-1  | [skip_verify] sending packet oh-Fturpg6A=
node1-1  | 
node1-1  | signature verification failed for packet oh-Fturpg6A=. dropping packet
acct2-1  | 
acct2-1  | received from 2: proof _i_6yycvRK4WakX6POwnD4JgT40-1qbu_vgpQD9qiXXvj1d7HxK9aV9jMyPzQdQjeniNUSHqeKr4SfQgeXJl2L-zJB8em_BAcSdo6kXlVhc6UQJMOvFFWohC_aRIHPCgLOHhmtEYpBT6vAvKkoPOKMi2L__SccHuacuyU4jLUqMGPwefJznxXO1wentvVKhjhiqCp1UIFrZeN30szBOn2qbxgEuLyRzzRz2gZc7iyJNAhx43ckYn9h_-eeQIQV90IqupIfNa348=
acct2-1  | 
acct2-1  | succesfully decrypted proof
acct2-1  | no receipts found in proof
acct2-1  | node2 used: 0 forwarded: 0 threshold: 16384
acct2-1  | allowed send for 2
node2-1  | 
node2-1  | metrics for qfMFSPr6Feg= route length: 3 hops, payload size: 19 B, onion size: 604 B, onion/payload: 31.8
node2-1  | 
node2-1  | sending packet qfMFSPr6Feg=
node3-1  | 
node3-1  | received from 2: GXaWot4ibNaiITieDyYU-Df7yqgeUxMTPY6w0LJOVjzy8IJhRjG314hHymXCkOlH1VI0v_JnWdf9vIaU8px6pbjauaN5HupiH9jGMkqDKi19I3P9ryo4RZSPo7FOyzeyuHxmfDk7Y3Fh-TCu8ucYwdu8sQaYX_VoII7KUC60GiRhHa_THjpvvKA2N-X6ny93JIR4U37OAJAF2XfArsU56SefH94sFCtTXDuVJBKiYG-pzq-iX5tvRSPpyCqs3DchdFp2qeJ6wE-1H8KsNPEcVjkrZCejrZbJ0iCoAhLXrZh3COz0uD8-zEK5a-bSULNHoVOwv0FxG7j9Usrs4f67Sg6vJcvein8dGxdPnVKRA9DDHJgf-pX86Oj9qvGwHK1n47yzh6uXiACil9cjJdKrBVkuIQ==
node2-1  | 
node2-1  | received from 3: receipt EPSJirz3ws4ZPcoP51GbJ6TaLksvaXW_2G37Wm-Q_AMFLHIzUyIBpMHv3ro6VSxmJuoXoHedpbQJXIX10B1aEGZX5Hr9TFoJHrMbaaJEEAF3f39MJQIY8-8K03N7r9D3dwFftWamFQEgVhYY7ycLzFJbR6VqKBlHfBJTEn_Mmd-zZf-0LBjR_CaoKKpWsOXzGxYORfYVEYZ-86C4S4SI0C8=
node1-1  | 
node1-1  | received from 3: 3PS2tRWPE_g5DtPUUX7bJC3NtHzNWEHC591373t15nLTvypDs8aciZ6scxNT--HZ45J4wAS30b2rFj3WyTOKLkSmNHuiDVUdgB5bZujxF9llFSKH-PxGnRj7sLKdxmnggIMexjGmUYNIZ9iTdP1eYprzHTd0S31VDYaiuxcEHAqexZlK2YxxaXfwAMW9mMCXi-Sntt614PK92hv58HX2PIFHtg==
node1-1  | 
node1-1  | packet reached destination: qfMFSPr6Feg= message1 from node2
node3-1  | 
node3-1  | received from 1: receipt K_mfs_ZydagW3Gk8ia26QdIYRMzQuV4k7fzhzzD1RG2yijrP1YLGSmwCEOTmoBQKhcS941y_Wcwm0FZVH_OSi7-R1E_F06XUutHcV3nCH3UlsLucS2NawEPCJY7VDxPFTHmoK9AA2TdyPf1rAU1Geist62W2Ep_JKaYHXKUX0C0hfz6DVw0rHsXc3HB7Ut5SNrbpf-oIREjq2CxnuQ_-4gQ=
node4-1  | 
node4-1  | [replay] replaying 2 packet ids
acct1-1  | 
acct1-1  | received from 4: proof jKdOJ0SbGOJq5orsK86MWKT1hdlyhb22HEqltqU1iBsXGpqHh3g9kgWOpwQ9jbaVvwtsa3Cy_6Fv8yB-u1dS1Yhq1Mwiu4vQimImvNTEwGVy3fRxbjmo76udO_S4MTGe24PsnlQaDe50hF7GUDs=
acct1-1  | 
acct1-1  | succesfully decrypted proof
acct1-1  | no receipts found in proof
acct1-1  | node4 used: 16384 forwarded: 0 threshold: 16384
acct1-1  | denied send for 4
node4-1  | [replay] acct denied packet wkTObZrAvsQ=
acct1-1  | 
acct1-1  | received from 4: proof VIcGoXzyS0JlDGxJ_CVGG2YfWy0dSK3CJoZsxTGPAmTrHfX09zwxCqSasuLng9eRyp-HH0l2x9MIP6ox7gFsSAO45jfRAldnwXVRqAA6HXdd6kdfHby7Ax-DCXXHHaTnqu4mSYuSeHJIsrtjlnM=
acct1-1  | 
acct1-1  | succesfully decrypted proof
acct1-1  | no receipts found in proof
acct1-1  | node4 used: 16384 forwarded: 0 threshold: 16384
acct1-1  | denied send for 4
node4-1  | [replay] acct denied packet gkmiFtT_8nc=
node1-1  | 
node1-1  | [skip_verify] sending packet cY2oCMpCCf4=
node1-1  | 
node1-1  | signature verification failed for packet cY2oCMpCCf4=. dropping packet
node1-1  | 
node1-1  | [skip_verify] sending packet gtNbsbK80YQ=
node1-1  | 
node1-1  | signature verification failed for packet gtNbsbK80YQ=. dropping packet
acct2-1  | 
acct2-1  | received from 2: proof 9pLK4ZIoRlw15wEj0JvFXURtZDWKPTan9tQz7Al7aA-uvugGGMR1gW2QrggzBd4UiyQHiGavNHYttwT9Wti_MccFX7SwzsSjBrEiVaM-hShKuYh5-1cW7SPNSWW0CKRazHX6nBUsXpdNGO8DjIVkktbcY2E08RcdDjVV82CE3FEY3x1SG3zss9N57SWMNvHoAuEFGSNTuggbUyz3gm2Zq6xxrLHGqMS9tYRqR5EneylfJW1GG0fjvsAj5wFU1BMZ61phUw3VZyHHEmwoRylHgLEFIY18o6pgG9xHzWnrnEjj8hpD2bPdg-1GqjqB2SSsCFy2f1bgnsHMY0L3Xdy_FP2HjLinZLN8gyvF3ZxVOi6JO8aHNolnDAXQDJNpO9SKipdJUot8ll4h0d8HaO3hU1vxt-TqrB2TQA_X43LhXQ==
acct2-1  | 
acct2-1  | succesfully decrypted proof
acct2-1  | proof receipt  qfMFSPr6Feg= 3 2 412 1aXatWr4Yc73xHFRfIQE8-NJKasGN9-dFTbEFWdxMVSFMODS1f3om_3lQ3OMZB-bN0m6Xmei3Y-EeeSsrKBYCw==;
acct2-1  | node2 used: 8192 forwarded: 0 threshold: 16384
acct2-1  | allowed send for 2
node2-1  | 
node2-1  | metrics for cPayv9mnO_E= route length: 3 hops, payload size: 19 B, onion size: 604 B, onion/payload: 31.8
node2-1  | 
node2-1  | sending packet cPayv9mnO_E=
node5-1  | 
node5-1  | received from 2: cuKCXxey2YwWNVNvh04qrh6_djhQfPfRqUPrdDVNqgdH9COnnzK7MSJw1I9gM6GGXul0ukrCqqbYU7MvBeKYQfQmD5NW2pYK4l3hh4uae_LUa-w7iZgOqeNRNmh4hQ0AKl6JOgBhqyxF5BXprrlg7vpkxk8-aZ1ZDHMMokAmCFBNRnczFcU9GCtZSq1zFhQr_hF670Havz-xwIIs0KvtnVOkLUADPIcYcBi3XnBRhvMpqpWWJ4saF5BruxicXnzBdRVXbjGUxduIHafT7Qe0OjCvk6aUgCaNflD8dtyfl7Q2NFx_7-jChsXVyX5duWaPMezy89xc-wY3nBJBhaMBPwEu7WqZYb2XCZ1Uma2UqU-IoeCUP6Uiv2ZvTMe-4F1GBfXCz95qCP6L0Lwtu_p6e2PL-g==
node2-1  | 
node2-1  | received from 5: receipt EAWzN2kX2eBxy9JvyKQ3ATWn5ioyzZi8FTT4JBVnJybuW8Cht-p-PUIVV9IN5u-R3RAFs8a_mhs7cHGr-E-6xgFVlSyI76liVCI7FC-sLUacyRgUTGuOF_SBonN2jT7KwPES_itEPYKQJj47DPk62-k32Bqage1djxEKoEOXh447XT2Cpsz3IDokwKz-9JVg7N5EZijY_KgmS1SA9BLMwfE=
node0-1  | 
node0-1  | received from 5: s68SWgm6cEm3OugSIhpKCLeWzcsFaUOi_RRs22WoTF-4ExjSgYGwMSgjpP5R1crLwPw7xWVAtvpsGXFx6YjQOiQgi2BYMeIlLT-q2EcxgkcgL5ZagGh3e7WX9WWhPPdXno0GfGCWT-8U2Lm2Ar08iSXWZyMNGCYaJTTwVgSIMUFD2Qr65qhClmSQAJ119ipR0Y-9R-0OIxNPjaKRPi2pJKnsJg==
node0-1  | 
node0-1  | packet reached destination: cPayv9mnO_E= message2 from node2
node5-1  | 
node5-1  | received from 0: receipt xBV9UbKEwtsJ_l8Uq4OKWb-fvXCGw__dv5hKSVpJ2Q_x9JFxAtYIQtZN8uZ0xMbawOSr3s2aF-m211xT22j2v41ZOQ-VNnddiq4KTl96sq0ZUaDDSS0F3YfTt-oUqJEjtrv0DzodDM_FnFfJOfKj7oEV4N8FNnO-9Ytr0OErpONF3HZkybOKpSY24NA7j7RmB1IbJU5c9dBdalmvn6zo-yM=
acct2-1  | 
acct2-1  | received from 2: proof OMa3ssPkHrVIpmSzh0jnodxtjATOYu2YIW25oHu2vVwhPpk5B6JlcshbXwkxJs2OOHKxohS9oi8AgMk2SweMoCZN4rarWHUXTp01z9vHChQmX64zw6PaUbfcMghnNxGZucGraP1FJIKWgJMSQ8lx1-JxAAM7Yyl_4QWzkFi11aUaeQx3ULceVl3oQdvaDTNrUnbxQ8tJ4I3J2LrlrDz5_GdgrqD1Fd5-DeHN8oo83UEE982TjkRVCKLrD1s27MBRHeSfuDP-nvsGjG_2wVxSwfGjdpN5DeyJUOO9m2DqeH1FxafFyBcvCMC64UB5tNZnRMpccGRaAfx9zzoUPurwKMM3Yg6q4HpoLHrYfufzNt6XB1ig5TL1d7SNaQQxfx2XK7_Nh2nrby3bvIgnq6l61rxbq02iYUfpPTob0xOXBg==
acct2-1  | 
acct2-1  | succesfully decrypted proof
acct2-1  | proof receipt  cPayv9mnO_E= 5 2 412 3umCSV8uHskCYgQdVdTcsRyPSuJhv-7mPl3D9gXRFoBp9I-LVhoeBFkSm0f_ABG2QrTLSP3WfGYVRS3wE36sDg==;
acct2-1  | node2 used: 16384 forwarded: 0 threshold: 16384
acct2-1  | denied send for 2
node2-1  | 
node2-1  | send was denied for packet ckDpuYYlF28=
acct0-1  | 
acct0-1  | received from 3: proof yPzTRp_QHPkKFT1cNkXOHqoRn8MF3P6akes5FkxqSF1YBq64CzLC_NartNEcbKAIpT_4sLsXnsJgtAmBFSsDoJsTXoASSmtmTfF2Lj4hO7el1V0qgy4CoF-pE09_RwMSKPM1QDJhyjkEzIB7uyLE1CpM4QwPOax2rROVBMCrLtYvJNugVwZbKYroN-hMcMkI0o2cxRQMljul-NiFRD47SOE2vr6E9X2yjpipnnDJfZVf7XgybbeiDTuTnE8RjaVBDB16rmEMm6ElU502ZiQuxzSmf4q6AHVQR8l7__5PvmBTu8SThFmMfWJeC_WUp3rPeDZp1By4RlTwHTMaY0uZjZLstbhTM7YTr2_iNmtMIrUqpBMk4jcIlJuXSGbFHtiwzHl8wwC9z1PvNjbDGYkmozO2iccQoaCD7ls2MKNKRQ==
acct0-1  | 
acct0-1  | succesfully decrypted proof
acct0-1  | proof receipt  qfMFSPr6Feg= 1 3 220 9dwnWvFxnUa4aTJ2RxTT4yQStb77dWOhHkq0vtgc6oMIPb40Gv5XxvjXjOV8P9rEuA8exSa4c5qWzcU_1ubsCg==;
acct0-1  | node3 used: 0 forwarded: 220 threshold: 16824
acct0-1  | allowed send for 3
node3-1  | 
node3-1  | metrics for xvyH2uD69kI= route length: 3 hops, payload size: 19 B, onion size: 604 B, onion/payload: 31.8
node3-1  | 
node3-1  | sending packet xvyH2uD69kI=
node2-1  | 
node2-1  | received from 3: wtJAYtolueHlUSZtF7TMn51z5zBFO7sgA4xbOYd4NRK6h_DK3j48TbtPmb79sFnZbOyE92zNY2W6xCpEEjbTj8PGL_wK6h9kUb7kvNGSfb5XvmzSiaOf0E6y6xbddFvEEdJTv1Vfnztl0g-cHcLbC8dIG03-U8_0IfNRv7bZ2TD6gC4Sm1HM_6fFqQUzWYLqkJUYWeHS5HwT8-e8N0JKTTErGD83wcSkXvRcrWtqVdgUmEV_kUeINAYhQrUiw1yJHgQUK5ivFL92drVwfV9Vi4GANrMrITfvO0VOHQWHuMFlh7l1kDEES7zYU0wCQWdECdVtt-_n7qKy-mIhySccTdwfLfJdM87zAzhmAUBKrRzFb72E064f_PlzzCj_KuX07NrW3tfUP_vgMt9aa4c1TTnL3w==
node3-1  | 
node3-1  | received from 2: receipt cN_KfmHwa8zi6AegecH4fDEBvhDieVQzKt0SwE5R6gsu-knNkJQ3m5RWoCdbj0xHO7LXvP0PCMM6njKRQqY3RZSpvEx80IAn1Om6ePpSeoKKTuaZXEy1vIpyemgUIvU5PtnbnZMYR2_I-UQIwgES6k3ITNazeTwgrJC5iGccPu2Iep9RHL-mRzt0w-USqcX9D2icdNg4hAhEatnSt7dduB0=
node6-1  | 
node6-1  | received from 2: GnAxY24RfUAzj9SNlGb34TZbUXl0rfhX0pRD87XjHQsLQmkixPwqq-J56IruRU_uCyasZ-NU6lZR0vhlwCYyDJgaUqWBhpPCH-a-2ZOs5gXrsRoKxNYcVsoXJ5tZVqV3C8TW39HC-SUQDYe89QySWOmKiwQNLzS1O80cwQEkpljI_r_hFqjDomkv7IgiGIV6V4j921Ny-wJr-oLgRX6TeYz6MA==
node6-1  | 
node6-1  | packet reached destination: xvyH2uD69kI= message1 from node3
node2-1  | 
node2-1  | received from 6: receipt f3FhwMJ9z5qCctRNLx6u75_TcRYAzsVMNmmBqDWtcwmUX7GonKXSLoaEHl22ngfKL2-mvGvmXnbNCD_bRT2-lT-NoInByo-UKtu6BWBEwA0Lnm-yTMUC-VUcv08LjpMwNTIaGucl3VRKpn5rNpvYRvmsTIbUZUpDz2mfxqH0U8_w5bT1VNWit7s7UDRAz9jCIHGUgyxORJz_uWJWYkOUK1k=
acct2-1  | 
acct2-1  | received from 2: proof Q6aLnTo6Cim13lIUfq2dV4PbpQ-34ZV_tY_XBRnZcnqXQXMdyHLk9KDh4_YmvJ-6cZF_wJ1IHRzPlekQ5TDWI7SheSz0sp58r3QlD-GX71eTdFRitql2ulAn6W25esyjT_g4q2uuUN7ET9RKj4Nbdsk4xZoibgD_M1MwCW5nawEVelWOLVRoloznfIefevPKlq5KaHjZgfgPThnEXqLCdaCd2MxigUSy2fKUApJEcH4UTyuZ4QPa-mGRuFdfLJkY0aGz86T9r5EaN9vDR7OHsDEFUz5qCWifiQvj089v5x6xxuDagUFXTsEwDqkOevO6hW4yXbrR-OCgOaYl5my7s4v3wNuX9aMyKWxA-O78aqhu4pzegTNRX7wJwF-3PGj9TatFnUf0ubjDdMOezh5pOE4eu1ZbGPQXx-U6VxtJtdJ04v17IWyIjSYM9AbvjaZnit-VXZRhTZrHCiVvfNHh9xmStACJz0pvcMpjw4FDuGk8sP9P14S9y4Q9rHL_BhPpmE9Aqz_QT-ZJED1PwXgM0X1KvvcNRxApig==
acct2-1  | 
acct2-1  | succesfully decrypted proof
acct2-1  | proof receipt  xvyH2uD69kI= 6 2 220 1fSWD77RiazNFxtiyce2qXXIstVqc0dS4MOV3CS0ETLJ8eYggXHv7DwNmxb6tAfS6KanNZ3xt6g2dPi311x2Bg==;
acct2-1  | node2 used: 16384 forwarded: 220 threshold: 16824
acct2-1  | allowed send for 2
node2-1  | 
node2-1  | metrics for QiW6x2EBAwc= route length: 5 hops, payload size: 19 B, onion size: 988 B, onion/payload: 52.0
node2-1  | 
node2-1  | sending packet QiW6x2EBAwc=
node5-1  | 
node5-1  | received from 2: ZLY6xP9IztcV1IMZGuy89IUjJ--gc6TjX7DwuYensHSuQlxz6e3Oq5P7VK48Pg6joPQXtxjUEazNeB_aLJYWtD1Dbi_ZFglSReCK460AukJQ2n34xwbV7oX-dJ-CWog7uajp98fGu-ZXB8YtPJMGpnaGw6f3USGXDdpIj2wdH4LSo9XazDsQoLMkpss-9LRlWE1TV2jGm41Ky6S3ct-N6uFIDR2B5Wq33lrKtYFPBleA0lEpa8tt2CmVkSL9v92MzoDJLi2z-EI1DZS3zEdYA1IweTzU4V-_Zbxy0V7SYA2qOdF6FaO9WndxBnqZK6ceh175BN6YfoddqTI1_BEtbg0GoyGXrxp8ModPgvBwarTy3yaRrX3uogFaOj5LibjqgQoJKbkKIJ3sTGtx9oeMKC28FWaeXksHRf6lZHBXzm5CeD7QwdOOIPIPM9pC6sf_w01LSLYg_oeIt2wWNriq9_sNpjxNW_INwsAXbi4DEGIY8-R3ndZhAxAQgvcgjYNGFKUJA0vpausnUmt8pTftlqq7d4LABDocxWBuAhWIDXWm8mqWRQywklKBUHuM2lzXbJFlkv8YFy6vWnfIyrcPcJFWZ--SkAtqGQEn4bPcUrfQ2g5SSbWAQXumoDvW2J9kMlFMPAURTOOKtb29-5hz_1y5rx7jfjdyYaczjKt8imB-xIo2mKOC3W_NfmuRoTTRBEzubXH-7r0_ebvzXcne_yrj10yeMU-gxFj60g-_S8kSqeY1j5GyUtYeBfVeLkNjp_w3BmI-GH-vY3ptkuxd80c25g==
node2-1  | 
node2-1  | received from 5: receipt bl4KeeiZBhBowghV04h49TXgR7B8uFTZXRAtdAWS5XJy7yL8JdETOOHCXtbEOpgROpwqbJLjjMFJTsar5nRWwUimnNm3XLJ-LWpMbmljmq2UqxbMwoYwlGFTI4qo5cxNsa-Ey_Q7nNOn-L95JJT4d0vTnY44KZL22fypAh-EgMaaYlmgqAUuCJYCWi39PZHzdLy5RfSrcG4IPM83lKxLN68=
node4-1  | 
node4-1  | received from 5: mWDfJErzdRn_epsgLH000Evru8uIwP94C20LonDjuELM26ZW6kEGmeWqqy3ilHnZCsRl0-YH_J0TtQs0mUl-abmewf8bOhww-ZWPWkpQbx-k2bnqX2G_yHHlaGCNpYiOSWFmZCQX8JArawQbLgB0BDfgtsuq6BYaMCqGT-wKvZ3sV4ZYXVShyQPQA93SkQ8rNbexPaZ2nkARFqIvLSLdWtm64ZK9ja7c2Y_V6SFCEnnxBVXWwwDqSm5Ts7eeP3BQ6mJDSThX85T1xYpT_DpfSUdynz1bS_5houyU9zz3OwtDElnyxVup0UbxVIukq_9v7-PsLxg9WLcF1UylWWyLeAqu0v734ANWcciYygXRLNc2c_oa3NMEoPaM3RckS45ddO-Ga_7XWj24Iagl4V42-R4viVebbbZHltVL2gvTwjAd65qHQqyFujPASmcqFcYSvN6RFyxC_g_RS1cZoFuxGavRIi8IHgwQG-CgxiwDd_AvkYzQHrSy8W5IBFQwUk_3cqC4gX-9x8zCeHAy3qcmpx8CHDyib5pzlM0UZ_qTEkzu9X6M6ghMs0ozOtFUZOqg62Sexbf3sCZJJgKHyqsZrhNblg==
node5-1  | 
node5-1  | received from 4: receipt cCMnGuCtjtET61VK27wqiF1upThvSpgjdHQZxJhpmhxw7P9vIUr07zg2GPA6Ae0TbUkBx1LLzn3c0fIFt8sPOUVViMJ9PKcEgkl3D1bIjEl16de9JRCJGn0Z-lC-WwsMez055no2zxWAJtQraN-G6kqwbPQD62bQE8cP3AZVeKA0tz-4pTlJloozmdVqzIQewnUsBPWelP9KtsyycXSsgS4=
node3-1  | 
node3-1  | received from 4: bFaYfWdd0oecDW3qqzBsAnbj3y7dtscbccY0fDCqtAwhGFbm3ETxQnpjAU74FsJuAhEvrGURwAKDXty1Pcg2V1em3k3eK3PXR6kY1oHuc1OMjX6L5PR6v6mtq0I8hyxSzBS_6vC_rsc_96-65-vNT-wguPNjJW-v49zgBxsVxagQoJTbbylOPEUHpq9IRlivkoC5JSHWAynXk9IvpX1oFmEL3rbiK8dnWm647I-UMO4DVq3MVTHTmassQgz0FKJf2P3R708ApXpMF369InAAayJGJ3Qr0Drvn2sh-iB6QIieLn0wrRIpOJ1Tgv2q6JyP8tqEWxHWVGUkHVW8IFJvgG9tyAiA6KuO4AQ5NmMtM0pMnD5e_qLsp1z6V_s_diwpSbrF8ly1RSjSEgRp3YpwWSs1nA==
node4-1  | 
node4-1  | received from 3: receipt dhxZCqf0bbPTs6EkFBdLG72M5oHEn0TTctuCzjalYGbMO6y-kv6vn-T0ip03Z0b-Aku1gs8lmFpZcomAflUT-TlZwogxICIG49YnzAdJl4t1JpVVjLUTmMkSVEaK0XEZrEWNNm8qxGHV93YgeGqK6z8UZbRcKreLc5_xH_ZoUVEorhbC1iHUumr-3a5rP2RxtKmK395iBEKAlbA4iwg5n_Y=
node1-1  | 
node1-1  | received from 3: u87cArOTqhDmd9O-ZuV-hVs5PY2AroVXCi0FwTHJxXOxidAZ0TANOznc9D82VINMLUPZa1IzK_2kZU8L_jAgN4Ocep8FoBSyeoDRoxqmHSX_a9N3uVYmbtjPQtxrSUakE_KYxkmAziM35ZS1i2PJ9dHRnX1U5dU7AnU9LNZm2RwC5y7uYAdyGtkYTxT1nPuwTl55jK_nxdjGnYxaeBvwxqQZlQ==
node1-1  | 
node1-1  | packet reached destination: QiW6x2EBAwc= message4 from node2
node3-1  | 
node3-1  | received from 1: receipt xY91iSq6eckKgnvrYriaIS3lWD7tkFwphfoV4tmmzgJQ9Hg52kJWEoz0D99fKGOBF3wWghXkc1NV354aShG0qWa-NbakVxuNo8GBJLi3ctuQwuhp3S9fOANEa4iE3j93JRmLHjtW6mQm1NLP7SmE2ggmQrjUT2JGQGw-tTKRL0-FX9BiyHgN-TIdznoyb4OU9DCJ2iJUDcKoG0GEUs0gvI4=
