 Container docker-acct2-1  Recreate
 Container docker-acct1-1  Recreate
 Container docker-acct0-1  Recreate
 Container docker-acct0-1  Recreated
 Container docker-node6-1  Recreate
 Container docker-node0-1  Recreate
 Container docker-node3-1  Recreate
 Container docker-acct1-1  Recreated
 Container docker-node4-1  Recreate
 Container docker-node1-1  Recreate
 Container docker-acct2-1  Recreated
 Container docker-node5-1  Recreate
 Container docker-node2-1  Recreate
 Container docker-node3-1  Recreated
 Container docker-node0-1  Recreated
 Container docker-node4-1  Recreated
 Container docker-node6-1  Recreated
 Container docker-node5-1  Recreated
 Container docker-node1-1  Recreated
 Container docker-node2-1  Recreated
Attaching to acct0-1, acct1-1, acct2-1, node0-1, node1-1, node2-1, node3-1, node4-1, node5-1, node6-1
acct0-1  | 
acct0-1  | received from 3: bootstrap_req
acct2-1  | 
acct2-1  | received from 2: bootstrap_req
acct0-1  | 
acct0-1  | received from 6: bootstrap_req
acct0-1  | 
acct0-1  | received from 0: bootstrap_req
acct2-1  | 
acct2-1  | received from 5: bootstrap_req
acct1-1  | 
acct1-1  | received from 4: bootstrap_req
acct1-1  | 
acct1-1  | received from 1: bootstrap_req
node3-1  | 
node3-1  | scheduled message. prev packet id: 3_first, new packet id: SjuKxASJ7z8=
node3-1  | computed route: 3 2 6 
node3-1  | delay: 18s message: 3_first 18 6 first message from node3
node2-1  | 
node2-1  | scheduled message. prev packet id: 2_first, new packet id: ddn7h9qCw1U=
node2-1  | computed route: 2 3 1 
node2-1  | delay: 3s message: 2_first 3 1 first message from node2
node2-1  | 
node2-1  | scheduled message. prev packet id: 2_second, new packet id: _H9rsNuKNBc=
node2-1  | computed route: 2 3 1 0 
node2-1  | delay: 8s message: 2_second 8 0 this is another message from two
node2-1  | 
node2-1  | scheduled message. prev packet id: 2_third, new packet id: tSgV3IVoQ4g=
node2-1  | computed route: 2 3 4 5 0 1 
node2-1  | delay: 13s message: 2_third 13 1 third message from node2 without forwarding
node2-1  | 
node2-1  | scheduled message. prev packet id: 2_fourth, new packet id: 3wDf7yyAy0Y=
node2-1  | computed route: 2 5 4 3 1 
node2-1  | delay: 24s message: 2_fourth 24 1 another attempt from node2
acct1-1  | 
acct1-1  | received from 4: proof uhFPIMuN6ojmdts-m3QN6QFS8M9mdYQxZKnFUc63_gHwA1fSklSHauT3ZUjNJFepfDsNqnqbnRjVCWts2Ro1kE_agZ6rB0LGtbMzv4T3M8fU2lafeAQ8jO56bcKQjAQlbaNjdNX4jjVcZCUZz9o=
acct1-1  | 
acct1-1  | succesfully decrypted proof
acct1-1  | no receipts found in proof
node4-1  | 
node4-1  | [replay_honest] sending packet V5CCcPEwVP4=
node4-1  | 
node4-1  | packet reached destination: V5CCcPEwVP4= replay_honest0
node1-1  | 
node1-1  | [skip_verify] sending packet X9-R6EoYsWE=
node1-1  | 
node1-1  | signature verification failed for packet X9-R6EoYsWE=. dropping packet
acct1-1  | node4 used: 1024 forwarded: 0 threshold: 2048
acct1-1  | received from 4: proof 49849TnaM1UQV0ObtrZKz5m7_evf0Wzpxd1w98NtUxHu0qAnmFJaP-Zu-HTPshF97lUhKha1iL8mRp7HDTgeVmjuHGSsWHW6eCARe3CPWkZ4lmil4A4AWK3Kdaf7EPKDvi__SP1a4xC4ru1PuJw=
acct1-1  | 
acct1-1  | succesfully decrypted proof
acct1-1  | no receipts found in proof
node4-1  | 
node4-1  | [replay_honest] sending packet 692CV5DsmnM=
node4-1  | 
node4-1  | packet reached destination: 692CV5DsmnM= replay_honest1
node1-1  | 
node1-1  | [skip_verify] sending packet JH5l715GKwQ=
node1-1  | 
node1-1  | signature verification failed for packet JH5l715GKwQ=. dropping packet
acct2-1  | 
acct2-1  | received from 2: proof YZc6E0rRU0SvZCH7aCdYYp7EZlhur3omS5TjqNHGdBT-xOFG-9oC0SmyQMXCUxBnd0O8ViAUYW4lLMnF_G-o2C0441r8xcJnsqjbG6Tz51KjsfFcmAzGFWwxtYQeN4COHzck6KZ4Z83prR94gFKLT6fCf5agR6vTbwcr2ilHCVTiGUZBhFBitpId2KvXsRqH2Al4mAMbZelb2e9fa_rjMzC1AHAdnGtxwFbfMBOKWlQtvrF_ek3HAlDGk99v8W_zgvDv0usmZx0=
acct2-1  | 
acct2-1  | succesfully decrypted proof
acct2-1  | no receipts found in proof
node2-1  | 
node2-1  | sending packet ddn7h9qCw1U=
node3-1  | 
node3-1  | received from 2: b6cDJlJEaFi4e0VKMTAg_cpCITRgz3Wh-cPIqsg01FLKS3stb2h5HOpAf15UwD9gSDp5JNuS06kkmF7U76iW7EX7b9l2PQoMOaHzVL_RIG915SwT_9Xg2s0wl7vmExB-Atl-B8bJbYwZemUM4WlG5-jeGL9S6SKlAhRGZSfSCX74Dsc8pVa6ig1HaLdy3ERbRqL9d47B_lTJ7m-lghyWu-bN3iagdQJnkPe5uKHU0nQLQDQZH9eVs27XOrYkAkhRsYWj_3HuAWKnk4-yE6gmc3duripmngIVTXkoMblz4QFcpnvgy-e66i6xXZSurxwkE3HnilKDYKTtfpnqHnbLCXhcopPE-9aKRw1rVcR_mFx49RQJeu75EMgKCCSNxC8bIgJjyPQsmlNB7gtnJk-dslkpHYAxSn3O
node2-1  | 
node2-1  | received from 3: receipt KZXVhMRP09vjQ1su_0dkr7AzVJz1xxfXyeD8HoOiTUTNFHaQ00zpGxzCHcn4ABBJpmyEAFgPKPNGIYzKJ8iSxuUvQIbCYAlftcqhJ1pjPU5t7ckbGYpoKDBGq8bI8nEMqiVAf5k1dLIVcF--_JVQkHb2vS0xhG-wQQMAXFNgn2kBQiEiXh6CAVk8RgbraeEe5Clx7hr3qKxP1yDMtRiEvcE=
node1-1  | 
node1-1  | received from 3: 4_rC07i6bp_UDYavqS0kJgov2Xdlfy-1yeWcEYUdk3367RVXPXchieLredgFwkvzYAezSuc_WlXs_f2HpFueGSVCz1pWbdhe9X49hr9-JtAykNLnsA1ELLYntSZZNb1hZOGIWeVK9kXRy8UlDVe5gI4DTLefOFBxpx9MKgouyUZtsMfryjQ-cPdVOExgNcB_33P4DsudRXa91va_3CiCdTaokxtilIjc
node1-1  | 
node1-1  | packet reached destination: ddn7h9qCw1U= first message from node2
node3-1  | 
node3-1  | received from 1: receipt S4Kr9L4jUXCx2x6CBcL4MuE1W0M1YICq4yiIZOsAojRHBcKMY4eu767VQbWvEjmi-mNjLLR8t7ZZPJZZ_NWPA5UDdmiQM0TCNFN9AL8K2Zjt10htQYaF0wRXN8YG3iT6mJwU1aN2lnNR2BZh001a2omaEI8syGmyHYi6ybrSgdH3Xore3KA7VZGW4SCXkJqzGKuFjoOPFZRcPqldV6oNUns=
node4-1  | 
node4-1  | [replay] replaying 2 packet ids
node1-1  | 
node1-1  | [skip_verify] sending packet 3C2sO4SgmwQ=
node1-1  | 
node1-1  | signature verification failed for packet 3C2sO4SgmwQ=. dropping packet
acct1-1  | node4 used: 2048 forwarded: 0 threshold: 2048
acct1-1  | received from 4: proof o4mCDRD2YbHR-X8oo5Il1mmdoyppc-gjhOpU1JZWCESzMFnHzrhsMv-J69FyAD5a7tTetyNJcCINvnUIoE3hz7TU2vmYMjMYGt_xD9ka5s9R-zVJuYhbAYWF5jSNQtj8RDCTJRpcbdxFXxdFoJQ=
acct1-1  | 
acct1-1  | succesfully decrypted proof
acct1-1  | no receipts found in proof
acct1-1  | node4 used: 3072 forwarded: 0 threshold: 2048
acct1-1  | denied send for 4
node4-1  | [replay] acct denied packet V5CCcPEwVP4=
acct1-1  | 
acct1-1  | received from 4: proof Lc2hYcQ5Prm3xw-zB4h7mX_zGT8TPBuC8PgXE-vW8hUS6Rkctr2ejavuB0Hz5uVWdj8gNAbN-JFGKddh5dscETYsqlQr7en8peeSXU_pmr9ogNoQ75i6lMK0mefnpfIxYcw8PuynXmA4h8nplVg=
acct1-1  | 
acct1-1  | succesfully decrypted proof
acct1-1  | no receipts found in proof
acct1-1  | node4 used: 3072 forwarded: 0 threshold: 2048
acct1-1  | denied send for 4
node4-1  | [replay] acct denied packet 692CV5DsmnM=
node1-1  | 
node1-1  | [skip_verify] sending packet bVSxyz4Cdq0=
node1-1  | 
node1-1  | signature verification failed for packet bVSxyz4Cdq0=. dropping packet
acct2-1  | node2 used: 1024 forwarded: 0 threshold: 2048
acct2-1  | received from 2: proof DRWcFhApsCAqDp5GcFX4nsgtKTEYY3fS1fLH9DCQQ3GuSzRhes4FsoVWiIuk2KTJwRglmQxKJvVC4if-dFOLkK-gxIuxL-2WeW14xh_d9AC_iYemFmQd08op8Nb2acYbPjm02wiAidqgy8VU9yX4L-4UC4g7L6XZxJpHQjfcC3JThbIdEZjBnXPTSg4_xYQ1CmzfCWh1sXPT46uo8DpuUWG0EJAfQSKkUpw5omX7Ottenxb3gPdV3DJoUasCg_FxwBhCfiozV4MXUjiwFZ_aFJgz9k7sejRXeGBlucjSPO4c9maonVZz8_-VV6VSoq4VfKz4fmHHsqAU29lBy64-vsf4LzT0ibxd724X06gG6sQT__m48uakYkDol-p_HkMdrYf4Gnm-Vm5ryCPE5e5dQTqCfSuR9spuivN4rLin9DfTgNM7Nu0Zhqt0jo0G5SA0JxlCBOjPfZA8gs__vrnjlC2icVB-r5YZaT3xQA==
acct2-1  | 
acct2-1  | succesfully decrypted proof
acct2-1  | proof receipt  ddn7h9qCw1U= 3 2 416 XZUjHdiTnRsVUMGMEGDJHFbtkCpBMfKcl2ZAf4eC7c_Xl6eJ1F8TlnaI3Nb7euqsBQKiuTOrJ_25L9S3vGQhCg==;
node2-1  | 
node2-1  | sending packet _H9rsNuKNBc=
node3-1  | 
node3-1  | received from 2: YfyyR7ygSX9fDHFngeee5-1S302tYnKNNf36nwxF7F_DA9jEDXvyTw-fUvWsmh6x16tMj_44NLcj-HFTy49F_mGnmvielkVXLAJddw8J9P8iRzZQ4j2cSDhbvqBofhx5tXOWJJBnY1HVW4TsMYCkbKqmLSkruua6cBtD5HAexSh4myDFdoTvCoosUp2IPRb6qrIGTcFWdVFFV2mAPtF2sQxikFq5jJmReM37uYOey7C-PjZ76WJBP5IjA7NAaqC8qjjCc5QGID_Yo6xdEDPsbKOSTHW5AVW7cptQPSpDQGNGn7CtoR-ah0owNf_EDfuUDtwmCnvH7Ropy5jZLjstXTEzPVJ9zZff0kvmqWT08P4pbq0uiDJ9NgNKume5q-sWbr0B6bOViTSPel0x_uLXW_CtgxLUcXq7n5qYmEL-iZ0l9uO6mydvpPXH9IYy8ltk-s3csT7DMlFcSWWYengsEMywsbiPBR08ZA9KNpkPl6uogyoAq77k7tJjuMFQC9KrBcik2nnbrNYyaMA3WyVmiLs-rCPBdujDBDcb1ZwYNY_hCSzX3sjtGfLd0GjeTvGng3GHRJupmXNGf6xR-YyAUHx4nWGf4CWoXPtM2liTLk4=
node2-1  | 
node2-1  | received from 3: receipt HqCYPX-ansgrAKEt9SbbhlfgFP_4Pgr7IYE7_S_bSUfg8YvGb_iT4TssmPeBPZ6-WZwyK8696AFgDdo1giV8wV9ksp0ffVVikotMnU5eMufkXR770i9hSsVNmcRn6rZfTD2x0uc2Un7j4HmCHz1DyZq_nfUZQK84tqXkjeadteO8mdqfOMVYTYJxLmSlpJlYbkswvW1qoYQ3EpKwa5KwxgI=
node1-1  | 
node1-1  | received from 3: pUwvLn9I-U2_HJOkQ91kGsaS4YxUWOOrqR4ybG0iORoQ_xAKp4vHyAg7NyRdXA63ZdEu7Sv7zvlNk9GVVKtnJlG8fHthO9IpujJivkfAbTu6icsWH24Y2btSdNz2_6v1arhgZ9LpamzylORkU33PdBrYzTC1xZwYBolDgYJNEFGLa9FqxAsxkNqGMT4AKLYCCt-rswN4TBCwxOr0AQGWo2ivIARDXni8XPf85yYRX7RfAd0rwptOpD96pIqU0srSkfzfjIAhSaF9NEzK2viwHRW6wT5Sd96vB8q3x-Lr5eGkvvNOgweyILTMsPnxl9yF4woQcIGHx4NT6YZtivEAGPa3nAZmtNetahhZs0AbIoxgkO9whTw9UT9pGqsNiwTVzucVc2VuxPtua50hHKSX0RLD6NAAopVNEiqhilD_wn0=
node3-1  | 
node3-1  | received from 1: receipt XkdeD4w60JXO14EL_kE58dPRO51AcYxAh_lg_pLSzC_WaQ0zObng7xjXu_cKGg97V64jsEXvnbD_alhuPO--Dl6iS8tCMmDzlOpG0iOnrkj9K9rzKYwxTb0gV4N_Sf5LbQaU6CVtD7lXJclRN5r_02YwKvcT4TibYF2leJr93ntdYT5h5FDZR6pRjkmG5WYXIr_Sd_Kd9NEz82kJ9QJSdR0=
node0-1  | 
node0-1  | received from 1: -nc0KvPfDdjN4zDyk3UqeOo8xgiMjO4UCEhXW83wjhoO8AjL6pw5pFu58xfVMFUhIVkJFo2ePHhahUWexR81LtaQMxeSdq6-4rGoNpRiX3oD4HjgcUq4JbI2lVFOsm_QXzpRyxgVAtFD3kZAE_UwKzybTB8Xei-KRrWBoOgcSonLa1U9AZk8BEW-yt5es6Qm4vf2M9eXG8SyNIv84Lo6AekzqJvnn_pDC03KT5ceXmc=
node0-1  | 
node0-1  | packet reached destination: _H9rsNuKNBc= this is another message from two
node1-1  | 
node1-1  | received from 0: receipt 3aYDxmLWt5cZsf_e-k8RWB63nCfexXrcSSHcT5OgUli6WPMD35jI_d7QGg4eTScmYSaC4TmwKYfNpKBNXhXWMoTyBwgaX2Rb2_uwuVn6G-VevfuDtUupUDNRyBqHd_QhsjVFk75Z5czYOCWCqzvJT8_ZVrHsZJCs2INaQF2G9aBBzHyLkx3dxiacvyJr7Gr6d0TaWASUEUJN1gmEfnhB8vs=
acct2-1  | node2 used: 2048 forwarded: 0 threshold: 2048
acct2-1  | received from 2: proof WZPxeBsc5W_y39Xx_dJ3fPrrDGzd6gC2zq6pnD7030UM0KaRb-cwiKaVbRH5bAMfGqtHp8eo4mhmBd4VBxNUK5XIuXcTjvtC0VeCj9IbDOUWdMIze2r0fBkPoTUAzvV7BZTTB_zV3TK_wBaCCzlneCzlqSfrNLB8kyHYEVDf1rEeiGGfRF0KQoAx0T544bwgx0kw285KpoEJF-LgdmlJC8WGjyz2nVSRcFyIxNFB3WZV6Cm8uGTUgEmDupPqgvkZlxrJQst4-wtNl_Hva-CN9PY0KA-2br6iRTgTsi0lGZZcAU2g4DB60ST8fJGBlzOt5b8I2XS4juTHIZguxV-bMEsJKzRuHZHtLrB4q8UgsYiR0vYkBN487Dict597ftrlxtX_DbsjQfg9M6xSRj43AYp-w5Jr65kofLg6-8UycpHOzN8-b5fpB05OmjPFFTJwv_KKhkhygHR-SrrrZANMl8oASnoPOmKRH7O4SYpVjpqFub9gJU5Okbrt05M8Htv_gZtrFvdKvBdoWMtcNB63bVAT7-ac674y70f-EGrYXBoXgMfe_3-4-C2z9_8qbqs8bJW7rTtCsXigy7QPDjhWw4hLCTYtcA==
acct2-1  | 
acct2-1  | succesfully decrypted proof
acct2-1  | proof receipt  _H9rsNuKNBc= 3 2 620 PUjHGmDh5uG99dX61LvWOPAo7-vEAQt1sO9wFpsx9SLHPSLJektKSF6lVlKLLXTLyvDs6QJroEU8z7uXsfUfAg==;
acct2-1  | node2 used: 3072 forwarded: 0 threshold: 2048
acct2-1  | denied send for 2
node2-1  | 
node2-1  | send was denied for packet tSgV3IVoQ4g=
acct0-1  | 
acct0-1  | received from 3: proof ubwddk6lrUHcLovV1iUl2VJTdfF_qBMR-haNsyFjBTeWA3Fgjrp8RfH3kVuTqF8nUVvENNGzLYSMsqOLODT61c95GvONnGExACM48T956iKMH6A-QxM4mIrvLd_qarEatiPb2e3UoWw4CBejtsGn4Nv22K5_L-I7CegSn8yBXFgYodWgNnBk22cJ0V2YaSMjlxnS3BctYGVgPuNjy3MLdb91qCDZ7ICb0mWToAaTAE2j9mGIIaArOFlM_tDLm0K8JDJaoiBEhEzJhCyln2I6Nwf5pgYVx9ddZIKE5pppXge0TAJzS1HYMdha_tf3VQUgUclp8bcDG_dypwalQaopbQOMF494FoPOHpMs_Fs_sjiBuwVssYJEzc_Ewd0p2WG87wu06xNBLhdsnJq_RAqcXk1r0mc8hdYrazvz41nqZAUCKm2_kf0EE9jwPUORoz58kanoN1zh3ctPsfB-EwwGhxdGA8nMIMmeKKCXkTqi2LFoyes2QTzzoXkVp_bKrCYUZH8qmbgYH_OJVtXBr6usIHxdCAEkwhRtkydP8WsBh5UC37AGT-zp18P_TlJfMFmOn3ds3M6g
acct0-1  | 
acct0-1  | succesfully decrypted proof
acct0-1  | proof receipt  ddn7h9qCw1U= 1 3 224 zv5xqjshoGShhhig73Guv1xebNgbBBkcmfRtsT4flFE7s7KPUP2CI9jGYEX1YtGPAh9yL3_8sC7TFa3c9nOHDg==;receipt  _H9rsNuKNBc= 1 3 428 pfKZXMwhbM6hqjrfTyTHopzQU1yEW_r7wYWje9TJaafkrG1DsGsAEIqrqypjsc32k8VKjjUiDNy0z-bfdzWqCQ==;
node3-1  | 
node3-1  | sending packet SjuKxASJ7z8=
node2-1  | 
node2-1  | received from 3: 8IqQQ2Ct3O58X44Oz8Ous3DDLeYdRikLjBzHnDsi2ncryGUWLJKAr3tGmjxlyI4HIpo7EMJTtxOQLSp49pC56D94GLoeu-06e5wEXr36lg5flqjIrw1Il3gPL3QIQSM4iaPi3ifYY9dbfKqTAxSRbflqD0NJnWCct8nsxbobNCLh1s4UEyi58vhypHbdZUB8IAKWjqJsCLox1bBGzpSTITys3Ogp8Y6J3KlUDGxXETQj2ylzNpxuQZy81ZpYXfbqwHL1S7fwUzy6M7V17Ud3zqbSFe3bVrHNyw8uSQmih4st4MAgIgRufDm3BYOftyicIKVKWOlenm1LjkZSf-ThvaV3vtjgRBRIRKeQrItRwwLMZja-BkB5_UR9vokVziH6ibPmyAwrWwkVwM6FfX-fp7vNrgyJUvD9
node3-1  | 
node3-1  | received from 2: receipt Ob_UniQXxEfDZ4Ilwzi-Dfce2h5kiMnADGTuolnKxEYkEzGUOIzVaTqxf8zGxV7xZZFJku_kFT2qlDAzulAPfW9o43IksmvyE3RMmASPpFIdj6ArglvbQiBM5QxKicNx2TmSeP403TrHP0tEZ5NUL-4IWpqQc3qyV39UaWBCz_QjN76NpddbXh0x384ShsdbQ1ufb2dkh67RkgX0PeMZ5q0=
node6-1  | 
node6-1  | received from 2: UChkHdPKjsH1YGZCZaFlBeZPPZzDUUWgv0TDCmId8koERfL9WK3_4jYwds0UM3AdjknGh9jBiMoCKLIw5hgSRXF1YKmPbVwIGV9jljP1YDd4w8Axz9lq0y81pwZHDwGbUzYMyOftd40KX7AwFYXzsZWYc-ctBMkRi1pr2oYVd5bTzyQEgct8ZJtIluMSV_cDiX9EsNCDOnEDA4juLibhWYkvmqHcQxyQ
node6-1  | 
node6-1  | packet reached destination: SjuKxASJ7z8= first message from node3
node2-1  | 
node2-1  | received from 6: receipt 8D1nrXep9BlO-Y2IEA6WrcWeDOmHtVRXnzim8fOI5xbo6oi--818gYOKFMTdtMd73OuYJ-K3OcDHBYZLAmPzVWTMUB66uzqoum2oSMv2sddObfYjfYbIpwbZoZh4gR4KvDP6InfoVWCfCy7sA8x22dwVYY11-J2H7UL65A4aTFP_yBG8A-G12oNqYLvyMiq8kzBpOyl7SKO-5_HOgKfJYxQ=
acct2-1  | 
acct2-1  | received from 2: proof nY89UEgA3-OKN7q-5oN3BDjIpRr-_u-xVofnVR2M0WvC4zkYaGzW0jYKnizUeyGg39GsIfei_Mtd720_oHcRdwdQJBjtmyf3q6oOA4_4dDIbW1dUMjhewtZxBmq3XjEFdi7YJ1SjDxgKBTRMquleKEMcO4u5hgGUoD9uTL6QOeTbjHhaE-mY_BjE30J_60L1yTI06XHfGswPNV1kFCixTeKuWfZRBS3rZlVONhl5MnUwqWbs03K3DSzuy1iUhA1jyxseTRIx67xKOfzfhAIYUWQ0yO0xbA6qV8zsweXGsp5--wWkO2USQW9bfSfCI_ILASsKZg27W2gH1XXDqxlKjHURfR1jkMrZiraiGRBkeTAp0ftrpH4suxHchoKatZV6v05piT5lSu37DtWMN2J7is6kIsgoHeLH5HHzdtD-3AgBvbkk9_CDrPI7zmHUfdzK1k52Y6Xr_QyZ7D96DDduvl2YOfEDm2AvcHjpdeS0rh0OA-QNE_59P758oOL0AVhB60-sUfg3woaSdILEXeDsIjWKUCGzfAVUcg==
acct2-1  | 
acct2-1  | succesfully decrypted proof
acct2-1  | proof receipt  SjuKxASJ7z8= 6 2 224 2s7MO552NOY5o1B3cCPG_6Aax-Inp-jAV9DnQhF27U_R-fkebNfyTCF8LBgPJ2BGFiyMpptkBOMz24yPQdnjDA==;
node2-1  | 
node2-1  | sending packet 3wDf7yyAy0Y=
node5-1  | 
node5-1  | received from 2: MwfMPklJpjmZDUDOWNWllBZB6iQxWMDcQQoir3EjdnCqkG9l4Wz9-XUNzGEsM29t2Q9wTBscJv1HhlHcDoPCIw3A0XKZx7PxOA3YD_IiUHHrQ4L2d-GWiuZkKOYLoVHQ9B3KnGILHZMOhlZtH9Y2Q6x49Ommvpx-oJ3queUPBi4U0Ibm0g9aPeVIeTqRN3e7cJdj3e4mXF_a3UFxzI8Q0ZCeP0l_J4JPFlN2IMfUbom5rIzeWOBbXN6b57mzFbgBrhi8phpfPUYjonAkEBRbKjA5pva_vb29Ur9eWNQHye9rxsSvQHzi5FZ7nRGlCtHrPvXjBjtsrUPRls8WiuXYaq3SYCr1wr8sPJ_usj9-IiLUc9-ONM_mOAxBlwwBuu-52zRmXU17gGDgcbig587CNDHoJ0Q-rpw7lu0Wh-Vl5jUhxmfe2aDUIpCO_uEd52BDepyHW2dJpB77tHG2l19rtQKcH1p2YTl_d-dvmMkdqC4iexwHM2MBSwKpe7EzuIWJ94sKbIeW0B2ywDcejscuuHF1DqFAwk_pFKphpLffVMKa88Cgs1ns1uvKvOboClBJYMnksOjbFS4OzPJSAZLubCrCLFIuClC8_EgAWCv1lqy2wKHFbVvtgAJdFOb1wq0j33VDXnK05LKqiE6ZL4Vp8KV18k1L2kL5swRqynw_pE8kj0MYpkbWpnP2GheWWujWeStu8bTJQBfw1R4u6d9S0RL3jfnYlkZ4IYGOr2kZaciGQGJDBxflm-6Hc5-U-vbaGQXhWdGFOcTZOIgH_S8k0nG4-Nq3c21uvfo=
node2-1  | 
node2-1  | received from 5: receipt l-cEhRKWAACNamFlPIbKbj_j_Bl8XM9ivCPViTbuuzsFEBWe7l4ohAbTtMlOv7730PtkEg8r4BjLzipXNMlM09NZ_PP-aqHVPKDUynE0XfSqVWTqRVBuNYuytmeYJRRfSxNCbdUfEkKN-g4NPQDrUrqBFqPFQgrj1YzhiGGnYb0pcTaTP9w048ZRcWqbop9U3atfcL2gnJFeOVG75k6z86s=
node4-1  | 
node4-1  | received from 5: TSitWSyKn3HAXoKv80E16yPMZ0wov1b6d6zMT3Xba0aStaiTpwHA5wLjIPoKsOs3aNkaJT6gO78aq_YEA8DMRxVYfi9NUI0_1lvmiGChfXuWr1Q5PQdFJRjUXHb5ZMBS1mKFW37QJHbDMllEwayEZ5FzxlmsVZEDLdYDVD4FG44JLFXT8vnY6d4_kpyVFiJBIRZBoSWhO--2-Itc5elMKWsw8JEcoFqQRCSKZQmWoqZYApEiaUavEvOizm0QsVyDNBF4VE9or6F2afJZTiGVmgZuv3o1s7xfrSmCsqJwHEhdBg6hTQ6B_hq1sY0iF7BmvA-IhbSAlHBMVh1V_rNYotXbWhouJdPatr456ZDNWpQog4ZxxYhtjtY60CceXASVPB-64F56GZ7kF_-vdtMoXn2Sh76BuZGPX_hhzQPxCyLEPm2-X_UdCKG3OM8PLgBmyvJ5tez0iBAUyb_Z8dSgJuTRJ6V3Xle0IXTncR5Sr2teQ2wXbihLjpWLDwbYU772EOBbKTj8ZwoTCqjILBU0gWgqw_W5qoXDsb6TpGuhZUn3B-DrD9YrrC90UfPnFz-KyMjQcdkziUJBBIsYDbxkzq1f9bKtSemXpJQ=
node5-1  | 
node5-1  | received from 4: receipt tFAXAsmrvdbJFwSjyblS3lrfcPRjVBLJp1NjcxgUfF01k-BBNo0h0tmuKwjnejONpyrefdEfAzkZsHoCglX5hXKpZ38VOLXHR-5tY9_-CrQlc7CnZ-PjQtQKC-X1TJJyBTn5ntGgM0UhS6BzoCGufJHaeM-U72LMLfokF7F95fOQpvPaC-JcwA2qW5HwHUm1VeESdS2mHntYluyEgnZA01c=
node3-1  | 
node3-1  | received from 4: S4vO2cPb0_Iz-EiSFKS3-xaht8g3SVSKibwrFv9fIyOzLeezEB3UCCThZSUYAFT9oLAtIXG9xel1q5_7gWOdwW1fOPbnAuGqalnKAeJZokS0223NnvhiHGP_i6voOuCh1sEZjMu6Uw-vokG-fQrEGGWwu1737mH7z-NDWcOByzXZW7PHBSZ9uraBr_s1sEMuRfAl_ord7MMGuLO-hKctgJ6JPomgMu8GWApPvhQpcPWJRgU6BpTjn8jiwNm-ZZD-dLsFap_zjrSIhNzxH6FdEutY-rF0j3kbCEPqGF9z5ilEOFW_CvC8GNkdu3lQaXNx44zJZwVOt5UHdORYoXO6MB_XWs3gc8yzjY5ZYR4IGamxrX4wqUYZE8e1p2lQAUsgZWDDql8jvqrugmkkLkKasNiktdrMs9Rin-E=
node4-1  | 
node4-1  | received from 3: receipt MrmSaNwBUG3nTDe6WFg21EXPFBrFQ9D-hgJxT5rhymLfmhhwEUUfMfoYEcIO0bxIwLvXc4OdnJpdjXNFdjFTBFo-V8xgCW-BnZO04pNy2Stq3kGdpQtsSx-LmWy7PWAXef89C1gvWsGxh7ntZIfkepP70evAHH7lYagsGZckowuUuMHPBjOfkelXhJVE7GoC6bCSInJ4D_CBZcN7uCs-NVw=
node1-1  | 
node1-1  | received from 3: SzMnBv-47j1GUsh-dq6DtEViB7kL1uVnG7ElqkJ7jXMtegwOBq4ccoCUVGXhvVgWpuizgst5ndSDpNxjx3ryzUrW6X5L3Tnn0F9Wi1DhUKU4uV8lupucXu1dji61MIynPyFKnB19l5l392ZX14WGGCx7y0Om4lDtPXHKp04BNV2kt5acFnsBk7N1Ww8VdZ_OJ29aNhjzMkGa13jLCTBbaEMe4Pq-jjk87oY=
node1-1  | 
node1-1  | packet reached destination: 3wDf7yyAy0Y= another attempt from node2
node3-1  | 
node3-1  | received from 1: receipt aaa1TSku-oF7WeFhwEhiSrKkiO8Dws5gHYpSyNPFhk8tCUERxRjiJg8tAzqEbkneV6ukfR_dt7ewDh_TNzB-OE7kEoCmurhXhyDGZHVJFBRqR0g2XhA2Tv9erMlq1F4V0sr4jJCn_XWFN6fzEqv84Or7WLBMxwogotJmOHdXh07-TC7qnys8q4Rgq21kqizoYERyfTpYqg0uLkQG3yP4_Wo=
