 Container docker-acct0-1  Recreate
 Container docker-acct1-1  Recreate
 Container docker-acct2-1  Recreate
 Container docker-acct1-1  Recreated
 Container docker-node4-1  Recreate
 Container docker-node1-1  Recreate
 Container docker-acct0-1  Recreated
 Container docker-node3-1  Recreate
 Container docker-node0-1  Recreate
 Container docker-node6-1  Recreate
 Container docker-acct2-1  Recreated
 Container docker-node2-1  Recreate
 Container docker-node5-1  Recreate
 Container docker-node1-1  Recreated
 Container docker-node4-1  Recreated
 Container docker-node0-1  Recreated
 Container docker-node6-1  Recreated
 Container docker-node3-1  Recreated
 Container docker-node5-1  Recreated
 Container docker-node2-1  Recreated
Attaching to acct0-1, acct1-1, acct2-1, node0-1, node1-1, node2-1, node3-1, node4-1, node5-1, node6-1
acct2-1  | 
acct2-1  | received from 5: bootstrap_req
acct0-1  | 
acct0-1  | received from 0: bootstrap_req
acct0-1  | 
acct0-1  | received from 6: bootstrap_req
acct2-1  | 
acct2-1  | received from 2: bootstrap_req
acct0-1  | 
acct0-1  | received from 3: bootstrap_req
acct1-1  | 
acct1-1  | received from 1: bootstrap_req
acct1-1  | 
acct1-1  | received from 4: bootstrap_req
node2-1  | 
node2-1  | scheduled message. prev packet id: 2_first, new packet id: aQgSZtRlRzk=
node2-1  | computed route: 2 3 1 
node2-1  | delay: 3s message: 2_first 3 1 message1 from node2
node2-1  | 
node2-1  | scheduled message. prev packet id: 2_second, new packet id: XGxn10yBbUw=
node2-1  | computed route: 2 3 1 4 5 0 
node2-1  | delay: 8s message: 2_second 8 0 message2 from node2
node2-1  | 
node2-1  | scheduled message. prev packet id: 2_third, new packet id: rQAlVpdKm4E=
node2-1  | computed route: 2 3 1 
node2-1  | delay: 13s message: 2_third 13 1 third message from node2 without forwarding
node2-1  | 
node2-1  | scheduled message. prev packet id: 2_fourth, new packet id: vX7B2NY2Xno=
node2-1  | computed route: 2 3 4 1 
node2-1  | delay: 24s message: 2_fourth 24 1 message4 from node2
node3-1  | 
node3-1  | scheduled message. prev packet id: 3_first, new packet id: h3G-fsoAh_Q=
node3-1  | computed route: 3 2 6 
node3-1  | delay: 18s message: 3_first 18 6 message1 from node3
acct2-1  | 
acct2-1  | received from 2: proof bVVvGx_ZJjthOUI6vN1ZspcGyZZ2rxatxizthW4ZvG5xIW8ITd4O7zEEQH_cy8GbvylZZl2zkPnACfyc0U5mEchgEVQxLjqFFSkvZId8Lu9tu8uyYq93-ON6cH7jnz7biJcrVE7pCitf3igyzflTesrQbC1qOtWjXqdW5JL7CfCZDhTotWF1r4n2b-bvmR6QaFOy29zOHdgr_xFyINTZeC3chyPX348qAco2NvZlXslMNBEH6AW9tq4d8uNNdufWFhBOLtYZNtY=
acct2-1  | 
acct2-1  | succesfully decrypted proof
acct2-1  | no receipts found in proof
acct2-1  | node2 used: 0 forwarded: 0 threshold: 16384
acct2-1  | allowed send for 2
node2-1  | 
node2-1  | metrics for aQgSZtRlRzk= route length: 3 hops, payload size: 19 B, onion size: 604 B, onion/payload: 31.8
node2-1  | 
node2-1  | sending packet aQgSZtRlRzk=
node3-1  | 
node3-1  | received from 2: kJ4FUFseNfIGByOlMjhex0mcQLyoq4XGf1J5t_-MoXfWnE39Rw9lt7lRlwpA0bWX6s9doV2Z-P6GQKB3pCCLAkErXYGFngtodM4o90t4VkPuplssNIwN40pLgSEFl2OBpIXsTTKbhVQ1vHzPU05CxMlxJyOR1ldipUp2_MlnmTJeSk-3ySH7aYd7Vbxzm7-4GEdmV9SEULuHvKppQohYK9XY3RyjMcFtg5kpt-QtZzXwl81VQq1qN4HIcTIuPzXjlUckA0GMPSwF_OPLr6O8r4Zdt3iDSQJUEfU3HUyEXYEDRsGKT3sHr0vgPAM6nqL6pGztrXOlXld4nGZ1HD2zFSdiubisNJi98u2Z7TQkJbBdJPJRrjskIcRGGxvhjpmreQKYpOXnr7oaPyThO3xYOV4SKA==
node2-1  | 
node2-1  | received from 3: receipt o-NgOuUJMLqbPqTG3ZPNP4TtS5VMTGnzTwPsqmSroxd5Frb6jyX0j9HJmm56OYVZRmZE734Ge_aR64MLg0VwvWhx-lnb3vKob9dt_n6fBYetI_XkM6uuhzkVP_AQpT7yte0Pt7zu93nuqM1JvBBu5ptuM6KHFb7LK6Fns3b0XK6zd11qBUudWL3M5y0mRXjmAakzi7T5QOIx0iKpYEJTYOY=
node1-1  | 
node1-1  | received from 3: u25ySOu_JyY5hxYtI8T6fsVRuPa6BpCNRtRN9eYydQpInPxgTIx5WjnNJqfwxYbyCTJls3cuqYmJv1Mfu39BAaA1xz4OuN2nHqvTaUCIGlnsRCy8rQtqJBirxg0rMDzkRr_cLJRI2WEt5aTgMBiDfyw_WgQANgqw7vQmEzi5jod7GzA-KgNnTzUuEHS6ows1nhbqN5sI5tDf5bfvbmsH6K5gEg==
node1-1  | 
node1-1  | packet reached destination: aQgSZtRlRzk= message1 from node2
node3-1  | 
node3-1  | received from 1: receipt UedlobqKESSXvOkNMGQKr8LSuX8BNcSDVsy7ylcyM0bXNzPgkFUA-1MX_xEaQU9wH5yKKYrsdqHGnfJtC8ZUOtfUq3-9EPASBGxA9p4ITJ8BY9VQv6Iusn3Aweq_hC4r2GBxnlEQdRrFkq9Um-oJ2A56JPFoKZjE3Tjsl0ghpp8VoQpZDNmNWQLxadobqyqvtGpna82rgEJpzDvNjQ54Awo=
acct2-1  | 
acct2-1  | received from 2: proof QC2rha44_bn5bP_pMZRaj18D6O_dFgpQ2SsH7NEMWlGI2UepAYDGrQF2g51hG9BHdUP2WMlCmL0DRSKEe8EM3S2JeYhITEageMu0kNcwipue-qEn60Te_QPfM0g2JKQW3O49qAKksaF_bCNP7we5iqtXcMsfgEVn4TKUPtlHuVkGXWEa1m_XH9kgOep9rgfeOXdLVjIwjYJhq4aSx2GDHheX8FaMiu6tBYCkr98-iOpayh6AE1kHmtl0eHIgwk4E36Bbba8YTlOEZPXIkHjIDpoP1K8eFPnvOLioQVaIzQFB87J05OUTo3sYQYI5FnzxFQSKjtcj69rbtfm7mgbCfD63Pg449Q8qR81yMmofxlL5U7tzModYzoKlnPKtjMvtZiM1Zu6C1mQfM9EJbVEO2JJNPuLFOZpEpd8jLdyAi3c_qV4MtaRkA0af0HMMI5e4yUmcrylVBWGpkeWQVVljnPIWoPNyZnbP_7eZUB-D8K81RZGwCapGj5DyA36E7VwxCaFZqhbZiGrv7HGS4_ptT-7vc7W-rADwKc8nUZHXdz9Vkcmdmaacc6jR1A9gojRtKhA4iUvcNRtfVeAPm0CzPKGtS4HmqQ==
acct2-1  | 
acct2-1  | succesfully decrypted proof
acct2-1  | proof receipt  aQgSZtRlRzk= 3 2 412 YosODtWe06_K2tGKcAb7hZB7eoLeGcecMiOzzHkBeb0jtImynse1ip-Z08HTRU5nitKn-6wIaZRWaSBizPafCA==;
acct2-1  | node2 used: 8192 forwarded: 0 threshold: 16384
acct2-1  | allowed send for 2
node2-1  | 
node2-1  | metrics for XGxn10yBbUw= route length: 6 hops, payload size: 19 B, onion size: 1180 B, onion/payload: 62.1
node2-1  | 
node2-1  | sending packet XGxn10yBbUw=
node3-1  | 
node3-1  | received from 2: Q1ZGJ1TV_m7nu6_Ixpbl96GcokoPzq1Hs8JTfQQhwQgKGSbt1E3lE-7jW5ka2zf3eScsxt-W0Wu5TJslqA-2rE6do0rsUFQMAON2pWdapiRABU0_eaV22G4P0lhLERGceeIkIjRJTTBzkp9w8owbXtRUPUa3--MsPCDAWvJesQNpJYgnIRmnu0W-w3MhqStAlOi5hAJ06SKQIvEwfLjxIQzMauzyCbVLxAdUlS6gaDoD0UfXPfx_w8ZU6QQ07T9zNiqq-ym682VZu5ZcgvoJiv8UJUaC10dQ9KCMgs4xmge0rL6OqUsnz-ulRC0ReLP8Cc3SHidli_xBcktz99quXq4a5h2fB6rHjjDzibXyx5als3X6a9K1LsQrud7iDb29yC-zZPp5030GQdX-O5I1OIrQ7gc0Z4oNymd91dP5lB4B1VYsgSKnJ8mLLAWGN2_d1rdih5zeCA8N5FG2jXRGpz6KhQYM_dn5151MeBj2EEAKSRXEtQm-V8ER7oEd4bP7lQmiEqipTBdZNJRyFGgth2Pi36NBdZv48YdzUNQZbDKn67lYlez0nNdNQE79W-z-MtUTJDId1WgfOj-ercaJWXSIGn4_fvhlxHF_aQkaaQ3uAofjHNBCRr_BOBZQlDLMSDKCkM6DZw1iQyj01YvHgR-n85RL17YEPSw_-aW59W7t-18rbHQyb_Sbku6EskfCE1WFWIsgUkHY0kdxKyKF9lV9EAEGwSzhqiUNRHmrVs_Y6RqXGGcb1bQA49YABm7scyO0LW0Fyr2XGosaGMjWalQfr4iS-bGxk7VxNz-1WMHegpLpnpZ1hNwbIHdK_xthSQ-nCDWQk0yagWqrU7I4B8ETL0t7lav5Qo8ycqeBeJhabwvmVcYBPB0Qogd8dHOTj0O7PRtPvZbxFybXFfuHgAuBaCM1LnRyGZ3aK-OMOXgDsl_xXc-GohQ8WcUwHWVhh2wY1lOEW5e8W5PuRsm0Ys5qgA==
node2-1  | 
node2-1  | received from 3: receipt 2FKDkWB5wl40z7OWLYaOi4zmzeyXt0dSnxay9rw6CgR4m9qGucMx9KgG-lLQORE0GdCSIh8WQmPi4k2KxY38KuYsKu9b2OuPR9MQ-dttgLY3kIMoNPAhUmerI5PBhu-LPbSYOxsS2_SLL4TgMWV1kC_sFSFPUdgPtkwb2MeKLO9CL65y4AstJNFmf6n4-OGlVGXhyIfyE4hU7djnRCSYLXI=
node1-1  | 
node1-1  | received from 3: YOoAmzV3faW1Li7Th9g1XOFa3yEbjjFOZ49w4LydvnQPgLpWuXvorYvskkHdvRcDHO2D6v4pW3VIsxr3hsJKO6YweA4YLiB-FObQ4ID4yEBXCWJj-kFLojSqPX6S48VHXaO1ZYOJucTnleHC-eol6E8m7hZLxal24dX6kMc0ZJ4Feedbk8gNjaiv3T4omB6p39IXcmgKSXp_XoUUewt7tLeM7gtXXsM_v6rFXolISdUvMgpW_zmkoKlhdK5FZOLzogFusal9VFe4ShowklYdPUbT0w-EDZiVTGZuCRs-TWhY2e_nDT5pKooWCYX6GJLUe_MmjzTsS_-mrFX-AgPi8pnBwE6JXQj-J2r4WsxxJzn24jifkS1xsyacIRw_y8ZTxR4QEowO2nFOEIMVwtBpb6Kulli7XvGC_scPmFzwLXaZdEKJy8PxU2_Gqw1GS_j2jb17tpspEqwP2RxUAm89Z0w8NB8nsQqjF9A49c2LAx7rlhzu12XLt7xnFxQCsie8kvvos3WFbjS1DohT1FzuzsO7IYtFoCyyy6byFGAWUcBOOFzdeHqVZU8q2AAFAMqhKSeQpExsupX9hLVm0XRB8FjaezjvYGQIutshL9gQatPKG7O5_PhSMNUnbzMvnnNMUfJwZBxvP-QjWKC5Q_E5LuRtDRZdvb-nfrmKYwUs099oX4GYfigveWsvncR4iwHqcqJCkI-RTS0tM3i-LSoOtlG1aUQ4JysT3qyG52MhUqUlDCsj-CI6fAr3UallV1arnFHvM2kSQGV3n0zdj_YkrrGDnw==
node3-1  | 
node3-1  | received from 1: receipt C5Hv18O7FNbNpMYn6VHNwsVfirF8qjT3Z-krSTGPqkcn-CG3mK8edbxS748SWLU03qefO-pOhgGCW-Cc_-1jsGfQPPrZr6huGp1UisNM4PjnxZcoT8WSrDGZcGBkmk-jGvkFGanNCFjxyS5QIuBVj7bNZGWZYviIXxRlrXULf-WxJzDIOvFVNgYCnzzaT19MmKbGW_AG_IHayD6iNpisutc=
node4-1  | 
node4-1  | received from 1: RFg4H3lc7Iqrf1HNmf3lbS4TvONMEGoJdBnQLLmFJgn-PG5QXtnqVm4U5M8bBUyFL5zeCjwuBH0corui_fV6aoyTL5K356-MWgf4XDa1wQx2pR8XL52eiSgldrUKbCi_fmONWXeEeaG0QY6YKWYyotNjwZa2yjvunGGWoWSn_tA8RrmN-8VQiMiin6jyqyxvJ3O4FRPidDU0YnPrHAZiqryWav5BpV4u5VdJCqM6Dolxbb0nHw_d5mDI7AEzm-wjA5gbLS4UmiGKvtCPQm3_-TDp2QvzrhYcrSsub4icRJRWz-kpul3fUJPcyYUSk2dd8d2RH_AfNjYA8HQZOVi_HEloth6OKucitNs538NLcu2i0GHzKiXjP4VEf67BMtVoctjcCLGTQhSPL0QQa9-HRyULJwuj6Ijws6Qm-wYpgOMkoCcQMHgWcot13gdEMdX_BeAvTjBlvbcEI6ivrmhhHZhT4O5NtF-gvfIZMszXPUKVY9A-_7Ua9COWSRr0S0sLWEDWxi1Y9OgVPO_6ePpDjYWF3wMoyHu-TkyGKYWw_h8pzALnWUllyZgXOMgbzjg72MgRVJKHi6nMY0_YGmq3EVd32Q==
node1-1  | 
node1-1  | received from 4: receipt JfkKgfSof8B7Aq_WkAYL7NBAPZPm3B7GO6al5hafoyAnom0xHbmXTFyr0KBlXUFWdPkKAPCUdfCybGc_ZW5rJ2aindjHy0oewcHTxGMAcPyB-qe9uwECpvzEBxyUpbU4MqiGNjRJi5ERI-cyqXL8NK9xkzogt_iAmiWpaspjXAA0Xin4ab1Dm5SS0Dz8lhPgt3cEg1ZPh2uqnxT8OLUgspo=
node5-1  | 
node5-1  | received from 4: uHwtz3-0qOJrm2cLFfK4aoOvbVuITzNQhNn8r-mgvngPJXGqm-GTtiQ7FdppyuisCZur96dKC68SOM5N2jkrBa9W4mPd9Bt875VXMo3BtMHQXAx1tvUaGnAzPGldpIb7z4OoxLJj4we9K8o-BrD8Rid9TAMbZ62Cv4O9iKnM-ynNgb4TmeaTaM9BISPPZ5rN7eyrJiKaNZ7YoT4Pz3jSjkhlHKEYeTfHx8iQLmzInZO2NxGbuW_12raUz0cOgiEFWCS8veaWoUvVigYPUeegK454v2R9PGOZjzY1t2lL5rti_NEY9selSWRf4xgvrZ2rxsiCKSDdJqO1o5HMj9XsS2kx8XyOBnxZShHC9q0xDTzm0GIuAfzFlvZ6XASnmHMjSvWUoWVJfPSO23Bd3uh6DZRslw==
node4-1  | 
node4-1  | received from 5: receipt CzfPjj0XxCX8EDkjmoJOjqf89ufoU_O8R0mXL9Rvh11o1e7_4GCAdIPGOPlvcBDsbhhwp6EYlyafcjRP3OJ5lwIGKwwu-Qwob_g9ZcXskjUFSrEduViduwv2Y6HnS38PjRw7qmY-85dJ30qJDcxREaZXLnJbtN6CBNFZyMi8ingEhhEQyStCF1wqfHmDkHd_-8G1FQYnv6HweyNL6TbPaPc=
node0-1  | 
node0-1  | received from 5: Ve3KlW7mAKI4z9p1iSnzWEvnib1V1nf8L6W-wjftJz6NcJY8nme7m9THmF_Wz0-Pzb_OvdH9XLSgS3pYzDuPCMNsr9Iium7fSRoj98I5U-33upSvzlf1R5pHGSt8VB4YKIezzvU8MVm5fd-JokqmUIoJ-CJGw--1zeZZt5ijUdIOw9Lo_B7_Z3rjucGlX2WlB-urGy0Unv_tADGjUat65xoGJQ==
node0-1  | 
node0-1  | packet reached destination: XGxn10yBbUw= message2 from node2
node5-1  | 
node5-1  | received from 0: receipt 4F-850WFzeMAn_PxT-jQtXQVDwVgYJxvSzQW2xdPembnWf9Hek4v-dTRc1sw9R9KoCB0jIe4ubzQkrPVMc_6DExfBaLnyjwKwfseWNCCBJJZVlLdCYh0yJhv4Ee2StbRaNJmFbgO1i5PU-zgZlWcNUl2PPOOdrDKYACsaxwJGz8Dbnc6D-ooR8N7rRtNRgT7QuwV6kJnGw1I1x93dJw4VVM=
acct2-1  | 
acct2-1  | received from 2: proof gvvbHg0N6ic9aS8qqR0K2AcyZIHokijxmpnZi_XWixZPzNiyFlefR8oIjqp1oLaIrpJx8C0ssTpgK4b7vXm3cI7J3vVbN_0mY4ljmh6UmwGQa_9g2PbCUAw619lzz07LeD4jNRqklDnS7QpJK8xfd91fwqKy5MW0M_N7bmBjVRClevdxxgumcTn7_qF4_40JsZDxbOUUU7Zdqx9Puw9FUY6ShcLTMhF6jy9O6KtFkYJ8krmF-71-z0iZekR8MnjyhwEXhEZ43BXfLqQq6Y-9RslBHPWW8oy7wcZBbCztY6HBgkNOq_ouro32XbziP9GwJeCMquexGKkNmYFGVYnSG63I3UZkO4owvhV9WOQ8na8RVAjj-Eb7kaJwnFjT0PRgI1KE9Fn4qSVnrqZmQrxeYAHX0p3WTWwfNoherXITug==
acct2-1  | 
acct2-1  | succesfully decrypted proof
acct2-1  | proof receipt  XGxn10yBbUw= 3 2 988 G2HdS5hKbKrkM-UeX6Fx6HwUQ3CauJJerdWDbd_Hq1HnAgPj62-t7Lh3qrjaYL3XMcy3XnpJ-Gb-ZHldRBT5BA==;
acct2-1  | node2 used: 16384 forwarded: 0 threshold: 16384
acct2-1  | denied send for 2
node2-1  | 
node2-1  | send was denied for packet rQAlVpdKm4E=
acct0-1  | 
acct0-1  | received from 3: proof _mLNyHAAgFIBNSIn7zKDO1MiuvQ4PqKUjXonPSJQfXoWsX9uEJn3D5B_Ckct-Gl3pmOQT921GhSc77UsTBxokvHSQmv5vJ_xw9xE449Q_Lu86T_o4LQlAa3rzruecM70QDYMJpCEJGQqUYfX-kNzsBgub80Gru_PXAdJOduu2vrtSFU7BPbBR2X-6P9deHV_5mfzWMpnaYOUS52NWEfk21OyLtQ-5gmrLKyHmae5GZssFAVpiZCowv81AAJNzA4JpRQOxswc8ruo4rwN0T0lwYeskcjXcfO4FGRCOikQqo4U1hqT20hDqcJfFAW87t9MumYrnsCClq1XX0um1O5B_ziYsFkSJz-fVisrZaTuZGsrXtk6pkE6xe-EkmSx-Ber8NMy3EVKzlSzAA8DAa3_SwvsFLfFvWJW_JbjP39297u2j4jpUefo1OVdH7q2XwQtHCihLo1oPns_cZjp-gHNXyGpMNLFdWL8i1Yn6qbrx381tJ3q6Nf1fxseX6gzGtm_A255WDTDC0YPM6mvaLj9EHwIMfn6QqQGJb-zAperGLPb_FopqxNtHcZT7OWk_dpzDPcpS3Oq
acct0-1  | 
acct0-1  | succesfully decrypted proof
acct0-1  | proof receipt  XGxn10yBbUw= 1 3 796 9JuLv8Vpptsc9pf0X7WuCYqjlh1hSwrGMPLa0PxNG130vSL3fpWONYCexWhT8xTQutHzlwzvuM9inoK8GCsgBg==;receipt  aQgSZtRlRzk= 1 3 220 bkD0Xw1z9IBo5BA_5ekYfCAQtde9aCs8lZbi3WVGvyb95yPAjddaXph5yK7rybRQrYd0-1D-M-qaDuRzW2akAA==;
acct0-1  | node3 used: 0 forwarded: 1016 threshold: 18416
acct0-1  | allowed send for 3
node3-1  | 
node3-1  | metrics for h3G-fsoAh_Q= route length: 3 hops, payload size: 19 B, onion size: 604 B, onion/payload: 31.8
node3-1  | 
node3-1  | sending packet h3G-fsoAh_Q=
node2-1  | 
node2-1  | received from 3: 10E3Au3J4x8M-eNEqiqE_06IobcahptPnDbq8UWfWzLLWMg92NqnBMlGQp9KfHdHO2X_5ioXSmUaUZVKhh8G_PdLLOzVS01kpUHyPbTNxI5c9OKZ5rSgRDl27lw7ATs-wMkkPL-L_xW5_TM_4F4P8SEL2glkI_ZpUgK3cn27dt5kJx028tH-2k-xCmlCGRaWVWNbyJqHRdo6KXF2od_33L-6UmQ4x_xIqnGBm8Qi89O5Pr59rsPPARPNR0mrvPxm_aFip9wGl244qxETC-h0IqnEzGY06-MGsLqnLa2oXZtf-XEzxhz7jnl6zKIRZUJA9wFqBfVC4ZCoxDCXv9jnAUWl9KVGy7BidoS7qCII1C4AL9_7jcbxTKpLuVy6lV4Jr1WIfX6dalIWRhOFQVtfMD-tzw==
node3-1  | 
node3-1  | received from 2: receipt R0g16PqaBH9ubsI8JpgTAuIbpdvFalbXnJUakSOj7Hu0gS2kPm-47syLG49OyQBW34Lj1AD-mfmL2xyFA_L-3mkiPnBVs27GQbwTZAxdTfTRwjNkO9mo6hXhdWW8pN6h787v3ZwiIk7W_mZpuFF4r654hBRQoPnVc8HMHDegWUeCSSuENjXhaFK6v9UZ7IIkNMrFH_w5B1NGssEIXBr6uXA=
node6-1  | 
node6-1  | received from 2: c_Vnx_VB0EK4IMhliL7PiLpiHxDSOgZe-lcN1u_2pxBx5BOFf_YsY5xuYWumGLCPnU1IlTDqrOhmoiuNP4rq2yCio9pDVH6R7Hc6jR8cf9cG_UgtUN8FGXeoI3Di5dpPmNGTLdgzDD8LgMBwkdn8ML8bP9bV1LJKwBeeR-ZgdRymJeHD79ahG8-6QF34wbFsNMFUcOUXm9Ph-iAQqSGbZ80j5w==
node6-1  | 
node6-1  | packet reached destination: h3G-fsoAh_Q= message1 from node3
node2-1  | 
node2-1  | received from 6: receipt M_Ytzi8zCHsxbaOsm03gzQo63eoHN-zu_hGPoMq92ia6ZO0fbdwUaPyJ9boMacwem5kjeH6UJbwcPRjFN2q8lko6b9kix9IU4B-sVAipsz6zfZTd25_CWE-48GcWysdljHQTSGf0SmHtSPIYU4I3R-3vPhhA9q2M0Doc_8VP-MvXMwGQmxoMpqkO0iXHzY-MJ343Rn9L1kL3iwM9cpUA8mU=
acct2-1  | 
acct2-1  | received from 2: proof AnlfW8we__l5Q-watZg-gckgWoTmul-apSH0NpKbP2A_xvSUks9jF_hPz79fR5Ovu_720X8Y7v6q9g-5Hy56Enf10wisOkGIwqijP7f-rfKqDgjoZ4YHJ5DmWKixLek9gwj00ZtIHgdhde71J0mWr411rkxUc1G6zS1VYmQgcSSwKn4HpCSyTFCuWMi0MDyocjLVBIEUAmi6uXthm9llglDjG_7KIkhDeL8nBwwaZGus_mRwPsvILi2wCQdAn9DUa6Rx9IkRlA5uDL7GAKhMQOIee9TP2ndifMktN9lbJ1MU0FbSbpNfRFJOA7jakHivofiwwqE7dkFI4hFBvI7BO_LdOZlaZZIag4Pl2gz9PCgrMrmxwKNTZd0xboZw8knYvR-gz46mFk9WL4M65aPyMHaTpPHXzabFS6gzVLu2U6u0_B4AjFghpNpbbf04P_WpOnQ5Xqt5xWvDB5Yjf4QTxJFV9e82NuXur4Z3YQ==
acct2-1  | 
acct2-1  | succesfully decrypted proof
acct2-1  | proof receipt  h3G-fsoAh_Q= 6 2 220 q_TCxqW8xdNa8UtOXil5P7fuOMf5nB7kU-kEAZm7FggecLAE08P6ulXa-zUXskwqcLPQhLqNuPM9hDOdaBkSCw==;
acct2-1  | node2 used: 16384 forwarded: 220 threshold: 16824
acct2-1  | allowed send for 2
node2-1  | 
node2-1  | metrics for vX7B2NY2Xno= route length: 4 hops, payload size: 19 B, onion size: 796 B, onion/payload: 41.9
node2-1  | 
node2-1  | sending packet vX7B2NY2Xno=
node3-1  | 
node3-1  | received from 2: HVd__85RkrZ4xvk4aICv93V91UH0knV3mdiiJ46oVmg6LpLf4WkWzigHHP-UK39LwrGsXAdSw1l64VMIy27bRE3ZQS8by8-AzskUOYbG8gq-NVtiGomHHePhh4CeGNyj_-jjluvzm8p9NHUSiHJqucpVAcqGnkxkflzKE3_w2L77YidvEVWlJpeM0JEZG9ZkpGk8qSaFQfXA8BqW9DcmgDwphw9WwD2oqrLa3cmNl43NjwZkswSJncnBqSS3hUXKf_WxnwQXfv5WvvBrSY_hOZjFKIkSRNmI9Pbv8SIrEETFmI2_a5gK9_iQATM5LaYVlMRGIcImQONhwXpIx3SgEOY0IrCJtM5HOumxbCmIrZD_n3XmkGCSng6oY26NyzKhxww4UXMDD-DSLUhPIc2aS1hLqLOAsg1r1Y9eRQ3Ev0BaR5TGO_5l5awPwrNGPAd87UZbft5ZLN-XuD7G0ml6CvPcT_pMUZ2MQK-UYrmPGQI742EQfqCOxaow6lconN6xg4a2z8q4VQE7Gjnxjr-bal2PZ2lqP9bgWPDBwCMBCeUxcTfDPhVSRWtMUrL6XfNpYHOpoEG3-nIqYmEejCgLG3SiXA==
node2-1  | 
node2-1  | received from 3: receipt -dc6Zf34O8XQoZGY2ZKjUdDbyv3dgStRm3HcVyuAQDEOUk4hkHXkRj703ZJj31vgAx6Mtwy5GG0lAN5aXqLbbw0yCRzHFKPYrvlLsNMpj36lR2ZaXO98-Qss6kgypgNrxwDnybYm3z5dcf2RitNmXkPMk9_2stwVvL5px-cObZGCvVYOcLyxlEP57f4WC-kOKy7DhrWYGyTJy2OESrsyXbk=
node4-1  | 
node4-1  | received from 3: EQBxZfTWNjbIiM8m_9bcxmaPOhqKkyAym0Y11RnbeXAsbo9KQbnYVx0v8y3WDVjG8nBaVdL78Ia8o9Hce9eh0OqVY4O-MfoqNbYqWIcP4cxt0yMWTTbdIxyniu9Bo1zHeTAiqKPiZOpFjAeSLofeMNABk1jqIAZ3dBPaXKP9615CUAz0cqa7k4na_PPqnmYFlGO9MvPVgmsMxDjbIe61gX0hn-NArKtUivRX_NvpuGuYn981r6_r7X9LkoaA-dhqMO_wMUBqAb6FcNGfv1VWmmzvPgxNGoOGfFdAD-sIYD2h4Eb6o5MquA6iZ05oPyJhew2L121V_hYF3_bK5EhzPq-zgfGSeyPdEaURbu8JtlevVl5J_KRZhWbriWgenUniNNsURhnAlj2GxnptoJ_0TBqk1Q==
node3-1  | 
node3-1  | received from 4: receipt HBc7ZtCf2WKQ5KposJexlz6w2p0N3xj7H_lp7luuj1ZgqdkolLB-3qJh4_IvXnTljfTzrx2C1NDvqedkEHSYxgSdJEm3Ksh-oKmsbcAoKr_0TC8eFYCdc1rkMBDe-k9aUrbXPjNItgZvW762X6ae4oXbz6Zugnn2vW4cy1sbRfORFY3ly5VzvUJtOdf5NSTKXE-Uj_ec_Wyy62mwKKEU_5c=
node1-1  | 
node1-1  | received from 4: BjG4cRErSrPaGfREcRXHT7x1k9g6p3ahJydNT6JOzyvQqGLXV9u8kGHsuOURkSXPShngsk219nwLimRaqi7ngX6zDufveOm-19BRSLSI4cegGkJTSxNNOmBEADLqeAEwcK0w7r98kgFnwTlhbAObJ-QqrsBoMnlf6fJnRuvso9Fm1Xc14FOcvnE_e0z9zIadtCrkEbMt13z79ICr7QtmhklOOg==
node1-1  | 
node1-1  | packet reached destination: vX7B2NY2Xno= message4 from node2
node4-1  | 
node4-1  | received from 1: receipt 5E7YRk0T2B5VejTxXy0G8ypzpu8F1C3B-g0fmfs9im3sZmwJjJy1t9_ZrruqlpF6QojHHD-d1p7HX3FDoq8VhXvWRB2q4DDyxdIO-dCjVBN8pVUNuYh-XgOQ43oGEEQDNdQejwmu6NG1cOjDOizvZzVFsUonL4Mh9x_7WB53B-HTgqZ5Q4GcFSXWH7YjCpnxgaEZTy_TVMy_57bK0upVx1g=
