 Container docker-acct0-1  Recreate
 Container docker-acct2-1  Recreate
 Container docker-acct1-1  Recreate
 Container docker-acct0-1  Recreated
 Container docker-node6-1  Recreate
 Container docker-node3-1  Recreate
 Container docker-node0-1  Recreate
 Container docker-acct1-1  Recreated
 Container docker-node4-1  Recreate
 Container docker-node1-1  Recreate
 Container docker-acct2-1  Recreated
 Container docker-node2-1  Recreate
 Container docker-node5-1  Recreate
 Container docker-node6-1  Recreated
 Container docker-node0-1  Recreated
 Container docker-node3-1  Recreated
 Container docker-node1-1  Recreated
 Container docker-node5-1  Recreated
 Container docker-node4-1  Recreated
 Container docker-node2-1  Recreated
Attaching to acct0-1, acct1-1, acct2-1, node0-1, node1-1, node2-1, node3-1, node4-1, node5-1, node6-1
acct2-1  | 
acct2-1  | received from 5: bootstrap_req
acct1-1  | 
acct1-1  | received from 4: bootstrap_req
acct2-1  | 
acct2-1  | received from 2: bootstrap_req
acct1-1  | 
acct1-1  | received from 1: bootstrap_req
acct0-1  | 
acct0-1  | received from 6: bootstrap_req
acct0-1  | 
acct0-1  | received from 0: bootstrap_req
acct0-1  | 
acct0-1  | received from 3: bootstrap_req
node2-1  | 
node2-1  | scheduled message. prev packet id: 2_first, new packet id: hUL7MgSK9rI=
node2-1  | computed route: 2 5 4 3 1 
node2-1  | delay: 3s message: 2_first 3 1 first message from node2
node2-1  | 
node2-1  | scheduled message. prev packet id: 2_second, new packet id: kMSgxr766k8=
node2-1  | computed route: 2 5 0 
node2-1  | delay: 8s message: 2_second 8 0 this is another message from two
node2-1  | 
node2-1  | scheduled message. prev packet id: 2_third, new packet id: rVftNbSC6h0=
node2-1  | computed route: 2 5 0 1 
node2-1  | delay: 13s message: 2_third 13 1 third message from node2 without forwarding
node2-1  | 
node2-1  | scheduled message. prev packet id: 2_fourth, new packet id: F5-ELaH2um8=
node2-1  | computed route: 2 3 4 5 0 1 
node2-1  | delay: 24s message: 2_fourth 24 1 another attempt from node2 after forwarding
node3-1  | 
node3-1  | scheduled message. prev packet id: 3_first, new packet id: 0RjKk2_p4jQ=
node3-1  | computed route: 3 4 5 2 6 
node3-1  | delay: 18s message: 3_first 18 6 first message from node3
acct2-1  | 
acct2-1  | received from 2: proof VE0OUJJ6Xn3RtiY9smbpWkgGkE5rN0bRtgNMvPDnyznOn8Ty5jnBA4GqrUEU2M7c6FZ_1bW6fsvZgchgB-RciCME93Z6s9xE6WQrGKAI658RUI11jnLHazvWvcCvKNoRy4gyk2ZQ6ucBL0kojogNgWE2yNI8bogOM7061l1ufC7fyfwaVLiUyJD2PyyfyexqLRoaJ0oi5IPKmA7iiFNJJBMLZqdlQTJOdh0Vr1BC1w7IVlsECDhcadbXJKAnwmuTFbdztjsmK6zmRwALcRbK-UiYUMb_Tl-5_Hj_fMvz6ZvGezBp9Og1EjHeNY2itnTEVdQuvWW54YxhNZ6b4Bd-irGtQ3N3JozwSg5LMI16w3Wt_lCk6epT4EUbyDcS9MmjiLs=
acct2-1  | 
acct2-1  | succesfully decrypted proof
acct2-1  | no receipts found in proof
node2-1  | 
node2-1  | sending packet hUL7MgSK9rI=
node5-1  | 
node5-1  | received from 2: 8JQoMNs2eblBlvn9EPrZijkgyhOlgIU4WWVBjIessDH5XphXaC502WOe9zX1Gg6Mzx7fSPu0dRMpJHZBJ_lO-0JYrY6PApRT1MM_rQZuXHgLv3f04xAz9D_PKSHw8aNaJ9zjUdRAWcGJw8xaWDYMRklRZL1FV3-C-k7BiaLpCc7txuUtFiGAPLJurDGE30MvfmMO-tX1QhorpFWsg8Nje0ZhVIIm0njPpzuLnlrBpB89jMwIjBR301MQ1u28Hy_UWZ4NbQxbmmZhTOy5H3NtcDFDNxHhW8IRIQfh2-ErFeD7XqXsv_na9XYfE4Qm2XzqHiU8ysoEeXnxGkimtHLnsNURWuFiS6sR_szCftpgFC0n7-DHttHZyDob-vFr2-Qgp3lu2pyaIJ9bIj0kkdkOfyw_VKigMYPwa1r9CXfnwsxiNLslfSMr_DHSpn9FfgBA2TXRGh-ptjOhczDkhoWXNP8lbsT6agutlVYk8nRpsEXZOOilOuSEjkMADHeuF5OyeL5hxQAAFfSqS03tX8vFKSibHCncQElabYiAVHfgf6amDkn9KK8qah4rqYeRdv6B8YGvBzXCDTWCoIsHZffjksXA1_3h7uH6-VOo19Xy_PSuKd1t4f3kgzpCA-uLddRxCfMu36TEzG_0gLTE4SJXEGysG_C3Dhb3shO5sLyNWtbuzwG8HxiVQLCgWz1rrfCZw-n87-QST_nT0MlfyDP9GWcwiyqbCxnLjbKxuAdbS-jUvGVe5odHPsnF8wNeA2n-Y6SqwbneOQwp55zIz4KnS6r--3M4BSKN
node2-1  | 
node2-1  | received from 5: receipt SPa61mV8O7j383FveWka5fNNU1B4PcYyhq96_g6kA1NpuUxwKuVTPQJ53n4oyR35errO-Hw5eCL53QroujMsIdeKHvoLYxcgog5L8Lcmwfp5CV-ZFXrNKaEl_lcs6mOiw40MYpr1NiwgJCeA_qlidK7iMLOG6m-NWLpThAudX-T-b_xv8On2lmv8jWYGo39egM41ROqeU1x-x8_cVogswkU=
node4-1  | 
node4-1  | received from 5: DQS_yq6-8pgddVGUr-WTsZpwsPLaiQ9ka9Tov5nE8hJFX_HNkbK3BrY1CFzfX7WhfqAPEQSU1UAZxwAJSrRWjfoZD2TvnpTE-Qde8BWv2MEUTo9mqvG0H_QGU2xHFRefz8x0rJnwjRb7cH6aWLQdsssfx_vHH9mbez7KrffL1oszGybEMXUWalZQKwFWoZ_TmtOd02j--wJ3gBaHWjB44_MfdHu5PXyMczp7aimdXOGzMqd5gBPlL2-Zdvj5qeVitFPqQXd4yAouG3CJ97eshTCgvnp2D9Ays3SOOpUVPi-GLGK-6eVhrEhCiPVXTAyc5ULQB3kwW84dDiFzyYYb5H40l4TtXW3ov_ILL-at8YRNP3yBGdAVvYD-knQcvUlnQ9Z-vU9MWsC3jOsN578DYg_m5yXBu-uYKk1IrjCmp956QAO4B-uKc7_Mm5sGrbXJwFn4zn01IcwPqDfTD4menoxJzHTOZAHE77ek9AQPRdb-WByJGnZbHwRWXksJ1tIFjrIWLmj3pdrX2w3FMHz963chAPvJzLBoCo9he9O9vAYoKeesuIa11zkF9uh7HUgYpTr9nKwKcVOTqvVMcrv81xo7Xjwjga0k
node5-1  | 
node5-1  | received from 4: receipt nzflaIo3vuBX4PpqGuvO6z2VYDspzmGc928H1hpQUUHec-qtu_X2pyJ_7MjPIHh3r6lLPNycrbf3-7qclws8605aKsQ9x5zpGJLdaHGx8favaN1ZkB8V9qbz3hZ4Qivdalv1Q1AkLW5OJHzn0niAWaqtz-i6-rmMNWLzYRVFRNsoiRJLR9J_wLSrwCvXJBb5NRXWaMCDO4JSYhghUBJU5gU=
node3-1  | 
node3-1  | received from 4: Lp33usi0551gPsha-jS5YyKMvYod32LBzDpeCjft5H0oUaX3WKWn3xaM-RbrYySxH0PVH-pQdHbbDvpBc96L08sYtHOTeqDK5-rBYdqLiNluyw2aD_D605ljm3MoI4gctHVYpFDf0UYffuzwX253e1fywYF8Bguo1JpltTAfbma2p3FXDEfJkZlBcO42yMosLatATYvNo9oeWF0WlnjNHQ9AkIARWiHJCdAiuldd-ePkuMZh4kS_Oui-Jno1INZeCkGgpwdyWsu-hF2-tpAQt0VQC5yA7t_-eMrzszfPfvBNBXbtT4u3gNoSCQ5n8H_p4UrQ9OqdKc_u-KB2b5sTfWqJrZ8YA7XX6oBD2xbkIYzhjtp7UWQL9loy48jBHaGhZ6C5-e1OCFkvluIuAt5RnymULUF657Ab
node4-1  | 
node4-1  | received from 3: receipt 8yJnT2C8tZMtff3u95rTg24-npVfoquPPeXrnRX1byKqwSGB-l7HwYdXFuExucxIuTswwyMyCXI5CpN08czMqdakT_XRn1f-lWx32jQqtWV8qjENYP45UHt_MNjToLWEgbnkQdj_V5MuwUpS5IQXwX2u1yjaoAyOmCOalQ8ljmHiAasBVD9lrMwGsWRsALo1pNanYlRZWJMVKTrkfkcL5lE=
node1-1  | 
node1-1  | received from 3: drkxtXgnbkQTLFbdMSvxdNTzOxfgwHGdEBnUDO2RAC0IXu4eIKdwmDpCfcq8y2SqMDjrewrQnttJJFGahFNPmXuKgg2BczijPM-vEGL2xWuNbYzV6NblWQshvDbTbhZvIb1S2sRZY55zD46zj7TjmBFz45mpS7bU5wGSnxOS_JaJMpeZ2lVV3_4hr62ynuNWDrevfihCz4Ba5e7aQCoI-UOeUz8lSG_t
node3-1  | 
node3-1  | received from 1: receipt mE6tlaTf6x_YBgTPZM0VrpD4NXJl7rd2FBbeDDjvay3IpT_Gz5NVt2xfBpqAmKdYXHeh4rNqRen2GVu77b--peGnYUZ4RqyhMUeUYYjZ3ZVeO5gxi93ryh0Vv5TPSjgwbNr6IRopNbz51W580l3rCnWyd_7gMVAj3ZgwslxHAYOVeVPaR-Esn6eNVyLxYjN2j_z0-p9YLOYikrIVdZUTuKI=
node1-1  | 
node1-1  | packet reached destination: hUL7MgSK9rI= first message from node2
acct2-1  | node2 used: 256 forwarded: 0 threshold: 512
acct2-1  | received from 2: proof gIDGSXHGmIuKzbQ65wkVGNks6KTDTkYzn5Lkbq3Ehm_Uhefa5LH4MIIEfZfBQqb1YtOz7-3AhJnLiPzyJN3_n-j7cqGHbHOdd7vMSsP3ef-eb56WS_9TRKI3ZsFJ-ZmHaPxoUwbynHZ5qf9GqqjtcV6-0i2oWpbtXq_4kWZaVMXbBfbhKcHrQDiCr9jXbavcOXIGklX0tOz-Au-UFzz2OnOrWHFhG45YmpMFecWIJl_JzqbHPTcD6GtIhJFwqITlTjsTH5fB-YIj9Ybju7obaVjzPeta_Bgfvx9U7fumi-VJ50idZi1zOD0OJv8OlM9Hi2cXmQTO_Zz9SgfWbk4Bbi6R0cWYMMtk068S90P7d3iD1c1z0Bm7A0g99AO5b9QSjyKHcmcOhE4fn8TdJK0nxlS9zTzPMR8v9ouNYKNLlw==
acct2-1  | 
acct2-1  | succesfully decrypted proof
acct2-1  | proof receipt  hUL7MgSK9rI= 5 2 800 dAEvyG0JaM8iZiehDgQz5PFG90oUabk5hJA6uCQW52FKHFBkRn9X18dKVMraco6L-7jAkmjlzOtSdwgXIXPwBg==;
node2-1  | 
node2-1  | sending packet kMSgxr766k8=
node5-1  | 
node5-1  | received from 2: 30tmrWYO6iQgTOtBRPI3Am-FBryOKiiM1Me-ibjNjXnXu1m7iRJ1SmAsO17msj2cfLN2yFOJoyoYYAiLuQXdpOz1-uK6hzXROkPaFRfW16VQvihFqbxOFKGfqjk1KP_5MsU4HFsgumidceT-F0R3F1r1_1Kw8zCTIvi09jDhXN3qbymxAGQ6eDCI-PwYxcSHCsFuPWyUwdWUhMZA4cxkGEf7_DumFDswCcG8og0N6KNbJEQ6HJdyGUx-3r5MQgY2JRyhug1oDeTXCvSfsFKtQgxiT1BsPEa-s0CYDUz1p9WfQ_nPIFuljIO6WQTMHx_TAKzAuqT_K7ywB-EJ4XIg06B-yUDNqcerlYhPEwbm0A9MdJgi5aj8sj9rUGTe79_WQLprygydT1iWnhbF_mRiM3eYbunnlKXbINHDT7Y3z8A=
node2-1  | 
node2-1  | received from 5: receipt t4QXLHSH5jexk7-Emp0c78EvZhmZry0-py7VesNpmQUWpq4v3muNwJepnuxsaK6YzR7rLiTeqwPaYgv15BOv_k7JR31KlfrKuVZGEeZ7zFCwPft3A8Yin5kEAaFYZ9l4nOKJa5aI5KY2yoUe9gF8op9PoUBmGrE5AzufAn6FhEXu-zw1PhIhDl2uioyJ_sTWguJS5hLczULeRIv8QS5RM8E=
node0-1  | 
node0-1  | received from 5: hQJcnUzAW281KF2lwSbiNFtRHr9zmZryX3YBIzjIQX97EOE8RxqoFTB5wP9Dr3_zKPEVfKRjnNJOjtmSVFuy4Y1HK8jni21K2lnQY70IY3V8cwESsfdIgj0xc7RuNHpJ7oztBbRzb_l4cK0I_EUn_m3tDf3kMa3AfS7thx60QZ2w625YhSK_3N6dYEvQjB4R92cHAhHopf8H31y-6YtV57V9AnbQk6iYpd5lyQ79y3Y=
node5-1  | 
node5-1  | received from 0: receipt h8F1gHHQcNcpNgOnSDQGbnVfmejt0PIfodNgzc_8Q0RxfvbRI_jE1ptIp6JWsFFBnJVIVfTsghAtqwnKK1OnUiXt7PNcNAgRbjVsePZdEL4TExFrrtYwtWZ_sE2qfir3dzpFoVD_6FjlX1MqKaK4tT7QnnXaKC_pLo2rYqRihm4yCzQnnPTjRs-0powByBo2jFqTveIB23CqW9txmJDDrBs=
node0-1  | 
node0-1  | packet reached destination: kMSgxr766k8= this is another message from two
acct2-1  | node2 used: 512 forwarded: 0 threshold: 512
acct2-1  | received from 2: proof DR6NehgMbmJ0vwu9Ojou2VLjQXEciOuKXhsbBkC_XAbsbX_u-Yqsej0qheasEVePqhnTwis6DoAHQLGjp8qLGgIo_GslAt3abFUg5D2e9U-VEAmLflQp-9cQ3mAB1WO40wUS-EJmxPVrPtatD6BmrzmMk0fkPCwHH3Xp-MLY2U0KfqYNoFCQ03wSWfeF7iLE4G28o968KIyG6uWu7MnHXmMB63HZup3lNQrFZsgOGPB1MKMw6v3KxlRWyQsQj7tNIfozXiTrvayrwzpPVuufJx9DRiC1U89jR2zf3cK39gHE5KERcRL2w_XAvqy7Zb6n7WTjb_Gi0LI4kZ1gpGQxo22xjt7otuBIzqKldeP2gLxzOOs-Lh_WvHZAnsoXloyk5vEh5FOO2pDvF-Xai5Kc_tULIbQb25JCmL4FCF3T3BX9vF6PsLEjUlVq6wc1EA6RfbOPXtAQcawMthxgaGwdm-D3bZ1652WZKtH25g==
acct2-1  | 
acct2-1  | succesfully decrypted proof
acct2-1  | proof receipt  kMSgxr766k8= 5 2 428 KsxGfjrJq3-_iN4aotjKwLFDrfEJYHVNzB47PTtsxlU36XUdoomPYv94yiS0CjCXveg9di33Hq9oNou1FOSmDw==;
acct2-1  | node2 used: 768 forwarded: 0 threshold: 512
acct2-1  | denied send for 2
node2-1  | 
node2-1  | send was denied for packet rVftNbSC6h0=
acct0-1  | 
acct0-1  | received from 3: proof xbyijQ9Te3jFPvnE6uDbCg-5CkKsIps52yFUR8OF_x_PwEf7-PayW8QCrZnR1bi5P2AWX0lBsmhKqy3bBwOjezoJr613l1BuI090fjp4CSyc20i3n0YCnju1LeP__uHlbPZmvYGcOuhQ8t0klU91FVONPK7zJ7N8uAOja7w2IxM3kAKKGf2ULki8yT2iW3pXdAhLVpxLXPLvh5PUSo2CvXdrsFaK37razLSm7lcBBejfGjKCNgdg3mR9sQnoT6Jo4_UJCmZa2sNbR4-aYIKXzNIfwiJAeaFSY-QLCfWqM6MJqY8b-9Z8Dj1Vkv0nLIYtKPWATeZi3ZMKEtwjaWRVMnyIWc1SeyP-Q1gjLem48gLQ_MkFb8dT3_CMnuOtMvz-Dpb8JSq5T9J63uyTuQiMcLO9kKPQuuy6ReGv-nqeqSysxpPAql7DooxzwlSj3XxYJeFX490VPnK2qkw0NsQYJ9lD8bkAr5XmihRuBOv8FShfeQw9Jy5MAcXSCENBLCNX8W1gV2ggSn0FFMe-LQhNZEvRvqD8ItQJJQ==
acct0-1  | 
acct0-1  | succesfully decrypted proof
acct0-1  | proof receipt  hUL7MgSK9rI= 1 3 224 j9cxBHm-Lwi9UAPvzVX1o-qT9vil8NeuoNJIJ_mrVZjt5at7ZomJ1ZtDyJT5wapcHnkwX7ZORn-0ehjdl3XnAQ==;
node3-1  | 
node3-1  | sending packet 0RjKk2_p4jQ=
node4-1  | 
node4-1  | received from 3: 164_NzMhmqq-8vtEQ0cFxT0QmD-vCYDTcmE1cUx3qE5U9-Pby3NK9jlvzxweYa2Xx7sQyjzJbnDXMUHpt0kwj4EEAyNi0DKCRcSt4GYchRtEEObDm0oWpZA0q2WTXfIw7CP0w4uX64N14OIvl-voALdC4esXDpf3Qz3F1PmqJdBLXTuSsftaqt5lOLxYq9k6s6Q2xCgPeUKsQer_CWNahEmWblUdWsLDqiAGOTU2UF06ZdQFjVIhIok8KDQkN6uo5DwD9KovWYRmfln5l0mFaft-ad8wL9M8rJiZGjxFIR_BSB8MyIWTV2YxqiWXhdhkThhpdvs0wZXHJ17Icg9_2zkOsO_DMbEsDq_eK6y0MsK39hqTSqgQdIZRlCHzu-sRFB63jN-_vGtKv93OQQ4huWaOfn37IQ2anpzQu4DDWfYRWROw2WeB0VSJOGQ0Z72CI_w5JJkEHphtjiLKgu_Rn48-AAyydrnicCEkL8eESgXcYD5eG4mK0GfcZmUaLCMfL7leJMpo-xNcv962Rk2Jcz6shK7VmHBaFpuZiICpM_CYkold2L1OMjTIByH38vgjXgeXWnLcq2PJbcwJHqLzVsYxBt2gveg6g3cxDDNdqveZu2ufOVJBrGGfWsC4laRa2wBD3AklM9zU152R-ItnXfwOHivnRg6UIK5Xnf0-YfRwCwGt7uLyehpc07DU5oAagYWOhRHXeF3n_NcXndhYmjA-eXD28gwzo6RklXtOx-GxGZ5QeCRZG7o663ln_13ZvyBRT34JtOdl4VeIxQpXwUYFPacr2w-B
node3-1  | 
node3-1  | received from 4: receipt bJws4wwneGgqxQ3l0vZ1mCtPamHvwbiAMkwUs49MuGsNAvid9Ha5Cs5DsxAMnEXR78_aRY854B8f6FlxnyL3AN8-s6XgTElzPYflRMoDBWQVxCwzyakxu6v9BjemKjJBrmrBg0UOPAWI6FT7pjEZ4Fp5TFGptW6UvuRvN-DO4K5zs3rPs7lm_de5efdUOgCNLFT20XDefXSu7dUOrggSSuE=
node5-1  | 
node5-1  | received from 4: uOkYX-yXt2M5yZI5aFemjqMECMhC6B21Kdm8fgtVSjDQBOUQ67N46gCSf4Q2nA_dv3Qwvywm0JBASUQgLbaLXAW35o1Q6YyWCL1fFIwU1RvuqCbgNaod4waAgWv3KoFbk33F4qMB0yVwIU9AUUjWaIozS3Kxb5vGnxH7SKzcvSU6d8cJZf5hGBE_g_VHTlkJntuGepSKvmHYysp4n680cq8DabsnB0o88hZFRgxVsnUU9ZyehWQ-Q65Yn3crQpS7g4XS2uW-Uoc0Si8nOI-giHODlCyxZTKhKs5ZGzrlICX1RSii9T6g9rIxmIbdBOkyv6mcDg-OyJrqXFNOFKiZ8od6eZiOqNhW1NSE7vpjqgGwiF4Qxcksw7DrGs8TBhisyiV-MczjTHCu1r1bVWOh8Zb-Vc7_hsWUhi8xmK1752l0w7E3rPgKukyosuFBewF7iCRLWqzMEDoGzcabMZ8umUusGSUuU3KKksf9YyANu4MhlCbx1x8goiVDfdYjhC4R4LVnsbQdmvgn84lIWhUPTnX43racebynIKqvpG433zY4o08PDfrvLzGe_jJACdaJHvwCm_4E7bHeRSdkpIGpbko6NPnQ52rX
node4-1  | 
node4-1  | received from 5: receipt MGsMCR3LOV9ZE0SVesG-zmc7J7wcwbzaQG4dwsJYtgDxK-64nVE4PEIcBWFOIwZBSCFw1XcWS3mFOgxQbPWro18Tfk4egI6eIJyN-skhrKw2WS6ykMgWpxs67i-aVf7R5GUeDzGA_25jYFxdsZ8Wpb9K8jc9yPCH_417pxrLl3x1aCSmnskXcbyVm6qJ1RUO2_FagQVDprNOHeNwo1ZVJ1U=
node2-1  | 
node2-1  | received from 5: z5pmR8V1IhsAsfrs9qPGjYJCE1paz6TRg0ykXrIjyX87O7942xM20T9KGEjcDZHFYivrtbsgwgH9EoJkYhL1XdOhdu22e9d-p6nc-cMk3mV67VvFb7fNzGZBZI-1OL-YuwhVq0cGhVZKxUX1etlp6XaBgIeTAorPNgPMZrWJQN_xg6pTUA3i4m1scxt291NRjj7T-uwgp24EPNRp-o2TP0VvHwEDs9tgoJTcuZ7SpMlqSNja9vxc1ODOL4uts2sWphEKAmwqfrreHPvS9ObpEI9WoKAwpkxx_PM-sirA0XLo2tlGl_ScpiTltUcxRXjuF4ROYXHCVLPDGUQaItb3m9vMycmS2Auu3dtn_Jdjq2fOaMW4Utf94wx8nLEPBviWdnpOC0c7fLBIgms4VdQzDNdDmeilifdT
node5-1  | 
node5-1  | received from 2: receipt xISosXcTI1_v82aJJ8EM_M-oLYP034MGAna3Rg2iW20oHQriNkqN9YDeMY36brbVhEaoz20V9CF2-Wch7SILBnIF5BBhfB7_cmasF_JHTquj-hued2F6ZF4Qaz1afgZiGNsLBHF3Qp0KOYVPdBiuOe3iCsstMU64LXE9FsmL3pYZazn5WsafAlQR-wJdlseN5Hm-dWjFn2ZwYyOmOCc-YmM=
node6-1  | 
node6-1  | received from 2: -WniEoXmW27SyBCDc18VwIqEYejcnrFQkvd82i6EU1SrbnDZHYq1I3v469Pwb0HvSYFCxyWN2mJ76_MSrV9DbpP0JSNPkrLUMXCo9EyczY66OAq4ignMuNQxxBCp_f2xfdiEsmAs8k0aF7ZeLku0RbjzE63igf0CCqji_ULuBvlZtDkoqh9r5RNwJBdTLnV1jyQxButkNAX1vJlfkPwNe4BLJbXWLxUr
node6-1  | 
node6-1  | packet reached destination: 0RjKk2_p4jQ= first message from node3
node2-1  | 
node2-1  | received from 6: receipt xTnfX1EGsDTJw4rt5IOQ9FH-rQkB13aZFrbwfgsQK2iYy6MbJa_mkjswm8cv5gpF0fdkZ9EzKQlOCrcnuR82h-xSET4JVMtngHzlohBH9YJGhDiAqWTbh_zuptspNZXRoJRUJ0-76A0vWsNjP1cWgMFkJ9YmVS1Pm_sazssy0-z08WBkvSRyTDEjOBF429qREsvOCsebVx11zDerFyvTkUo=
acct2-1  | 
acct2-1  | received from 2: proof o4oyn_hF32lzWkRbaQGExzKBxEivVVt6ONhq-e2-XBtm9_vvjioqjinP6CAizY9Qtgdl_ZfTX-N6cwqf-A0afmq5Eab1qCPg2oUwySf8tnmjP0xoloELj259--6W_DvQ9r_F4F7CrNxdbbPeyhw6ZlPt57cXYa_POlY2vNdVdWQDl-0wt859SPfqNST8UTtngSSl_PQ3Ky8fn9doLSdlUmKfgdYoheTj-DOZhOm2j6h7efwv-7lCrQ6NjqaHf6T1uDKTYEAd9Zs1sEQLCWKLpwpbfMSHgpmcsxhbDOMRUx7LihXvWhUb9lSGMlJjCo0_r4t6ztQuBuBdGvgs6pk3c1FBpSfnm83SanXVBFmd65tcX726Pc-SUxrjZgoXOxLF4HKFBO9BZy5w0cgZArlQiuLdIgxgofJ1aYTNSTDWImLKN9csxgh3M5wq8XSK1hF355qHlZuSj0jJoMCIoqHovT9QzCpXIKuaQVrHRW1TJam2AkQISZhVDLPbVbmigJeM5oSaRth9IBKOf0wFuefdPcoFz-QkqIMKW_rSsi0ivAxFBYtZHOTso2_Sd847qzrJNV8Z0zwwZMpReovu-h9Cm7SAp78cwA==
acct2-1  | 
acct2-1  | succesfully decrypted proof
acct2-1  | proof receipt  0RjKk2_p4jQ= 6 2 224 TH-JXmVt9CprznTuePgSzNl15-QOguANdXxQSBqPHB57do2wLPUlYt8EpV6Tse4D212XoSNABDA4u4Qt3rrEAg==;
node2-1  | 
node2-1  | sending packet F5-ELaH2um8=
node3-1  | 
node3-1  | received from 2: yWBcGlbZe58ehbo0c0EyU4S4rhgZ8z1FiCD4x2uOew6PnoYkhfBuI6u7KFOTaXBJ7v3hAYvceYIrFv_5FO9fJxYM17ZbU2XOZNStFrdrsz8I8nkV-CH9Jv-YImxSR5c6f77neIz7h_-R5zG1JGR6D1gRGJVp0fVa5UKh7H0BApnB1O8fdTx_7GAjwSb7MSJoXHYso_IQSP1Uz0c72aGwF3eA6WKi4lRoiiPIen3AzWUAjdmFuAi4vy3NqFrchkYO119sR1vEoVh38ND-Z1jh4tvSI28e3aA1Li2TVtUjmW1BxWC8nY9w8UxqX83FA8SzirUmj5fuKdoOf6aujbWzysHmQUNCbTAiLCM8ATqtRggcjVNHNwx69tLTfXHIHqE3orckQdxNZ8Mbhw-7IKI5IZLApnLCiP_6l5MWAza1hSCpReHrTdyydf32LiF70AVNo-Rgr26yW-vkbjgc66VppbHYOYIAFdKe2fOP8rRzUXq6mfF2RzF4y9lqzZxlqcBrPp9dtAbVjMikxQ0xqhRTMF_GqnG361LbcasomnnWxNZ6d8HQ83dM4_2VMBILUfn5KbhTqcDnqbFccqEyaLduU0Vg_1nUvKzLkis-nFIvyqdGsog29CqUQYK7-PDcfoQTzUrquPOUEA5BVjGQ3AtVUF2mlxg9-Jt1CtRZKpiCluaj4fi47uZLFpoG56z-q1uC7oGTHDMjEx7-CIxfcEoYGEBRQHlzLqyFSWP_bQy6dPrxmPSHxsXNaj8cftZCMm8wC_XmYveYvWkzrLS2e0fVdKShzgUWWzx4wNRr98al3J5fUTHei5psAUbquDhKsnnI5TFLltIdV7khIIYynkLUN3eXfPgSuV7N50GdFJrOXsZSSQV1nxyKuznxeQRlgOF1keHgmluEO7vf-itubPKkqTaLvlg2l_kp03bhFnk_6wtg2kBYzTqPGMcoiGaDYaq5Pk99UBWjsWRoYEL2KXSikKsDOt7OwCg7qxMBcIcuDnfQsLoC7bW78KW-Nw==
node2-1  | 
node2-1  | received from 3: receipt Mfh-Q28UBak6yd2hl28s-TzzOW-8f7xed87C947fB1IrBeHVccHV29BaWB3hr7jmyohlWwKf3tYKiP95i0vMIMg6wWSIAyCsddCh61FIou2gPzzclqcN7_-D8oUkKDz7vGA2cc9wGieiTVbH68B7hMCaCWfonAt_VGc1uBm7iJ-FCPLdSpFpNyMKdPQ9PmMD0wVjrcFbK3h1WVp0O3Mx0QdV
node4-1  | 
node4-1  | received from 3: ferMhMITb0x8xqnXiNFjyQBFBNt7aUtwAwq2erBG4mUoNCzkGoUmLck0eSkaTMRkjifPSBUkS1pvT_WzX-21K5krM4PiEDjIrpK-Vj0vXOozb-YxCr88VV_IMdz-Le2WnF3GvUcGkcja1fYsFNyqKvhnVKkmBGldFLaOmIQJ4d0ER3kNTS9Ztq4IoXkewH3w3-D9c7WQwZIe9LB6B464_kr5BS2vCvxC1uE2CHSBj_4P4BV686Oh1Rew4CWFPU25jNkCvpsw0mPjOyJ4IeROdL-rOHP1VX3Z7b3o4OyhMfCSXBkwvJHfg7CCwGyOaPflvRBRU17RnIoiEKRrPXXdx--gWkbVeMoH0q9bZdLv4M4ST6wN3aLEcNMDlwIALYpdMYPouvkP_2wRIH1ZFOIxYGCq4D-9N0WtCLPbk6Gv021fj_I1Bj_73r67w5Vrlmgw-PJlZEYRu-3bWDtmBQUdCrEX7UktnXHpHsKy7eqqr8XO9g3dQX0P9Nt65e-TFEzRX4CtVRrsk0L_zTjIL2L4CCbQhPCRGAKZGOCEq_nX_2mv7_yc11VzrHy0NeFNtlOnkwsHcERxrOyiKnCjWzFruRuCmG2bc_GZTUGzzS8tBNsz2y8pT-aKZKBcr7Dq8Cr_FJwVrYASOczx2XU4ezj3RiRqoSJXVswaQb4-Ma2cyL7TgnLZdo7fCtJztoxkAGL5I-h_xeImhObL-fkzI3aDTapjagUBVS2RReXf2l-qHUpA3dBwJ13_T1TCI1ix1sTOVUSVuJS2mmRSt4UBSZ7CtY9MkiyU5fYpIsFbOJ-j0v4X7QtcyjebImpGEw==
node3-1  | 
node3-1  | received from 4: receipt 4pcMM-yXdeftflHOW4I7-sFfToeZ_952txfpabP3PQ3ozfKt91TdWgi0B4BAfl6vnxvJOWIxGb5ss-ouUPgC_f5b8_LIF2T3rBWY-2R71mc1_kjpTKu5SkoSphzrrvI7ejpuyu_fr3bMjzQez9x1GJm4Mr8QHHH4Hq9hfFX68Jlgi8OJ0xyGBOzlmwhylFkT5dQNHA2EADkQj17b5CC6mHs=
node5-1  | 
node5-1  | received from 4: Q7zgflTUCq-P-sqTzSMs2qMjRfWt6bi0SLaf2mcUPxaPgix_gKScN-eOF2-SmS4X69J85aC9KKAqHlgWo3_W2ho6DTwdv7hRCXNVTj2kjIsMeIp5qAL9A13gk_wxalz7r-TX3nz3M2g9-Ze9LvaSWGFMkVe9saNlnTv-mF_ZIgdvu6AD3eCqRk6WvcGBg3VPS1aR-iOTybc56qBDopwj9Z03YGnJ2EkVqvifnzc6zVG2G-yMgfkyqV93f17Tgs1FuL8WDPu-sz2iSIdJyA-bXMnVS2gAic87Dq55JfyfHpA5e6F9yXr2chVIlnRkdTCbqwWvnz4fC2KQTN5YtGy6CTqrd12rV4BsqGAadDyj6L_yLiB2y0227jxjP__NrVnD64JBwCQvyp9GJEhrRW5OqQJfdFC_bmJoyPHyYEj5AYiQoF1fm3_I5A2Un8n9xTLVuKa6Xg-02lEOv20FNMHp9Zi0XhFcoVYYBzcThQXoE8wxWM5oM_A_siIt3nynnEhSXBUEzmx8OyLb2YI2PBbUrEP2kggBtQMH0ZWgPWMFwlYaqno8naOHl1RxrSy4Z4a5eqRs_Ob_Jjq-Hbu3SnwraHjJ6swQMFJWK-vLYdFq6SM4WZZlr9HVXbd3RA==
node4-1  | 
node4-1  | received from 5: receipt StGxA2RuTLlJzBhLPuBJFVDElce447rwWCbpzXOuwyJ6OoOvk9kEc8pxibHrDEeKs56qhRpgZZMXuMtXr2RUGHV1EZAEuMeNFcfQFtL2vB6QgvqH-HkvKR55Ptbzx2Thn8g4Eg-h9J2xKYtvy-mgh0rJi9gdepOPPsdng3ehmCENW8sjyKEP4-aq0b9HZDYOCc41lq4G1iRy4LWbbJkBX50=
node0-1  | 
node0-1  | received from 5: xbiqCKmURoz6IT83NEfGBBPYleiUj03eArNkl7XnzAlr2PtDcolHyTnOILWeHbmU-p6ILWtCrzLDTMs3_pUSJExSEILDjMDAGy7eu_nDEQC_7RLtbDpPtMQv3NNu-LzXFlj5huAFVZnPSviCjTeigHArJlqdjUqmM8C7kPXc0Pk0KdsdmcaHXJfQrBaccAHXOk1BOGh6SuOpIr8iC8nKl8Xedw_pY4o-EB6S7Omi83916_BnJwprjyrXuiqFTdfhHvlUBeAVvk7n8fK9YsHYKQFqXIof21A4ZyOXs1RQ_MHdM039i5KXtTzWdxs76P6bhihqSQ3d1tklcFTlR6MoJkJGYQUF07F0FSs1kmG9VQN3S-MgU_aeedD-TwKTKzXB2urusrQcVt74nk1TAWa0yvaZcNPJ380EMwKqvtMrZHCPouYE-nLkaUQThQ==
node5-1  | 
node5-1  | received from 0: receipt e-yS1s3BySrqwE1NyHO5gpE0tn-Y3xjZf_lywo5dAjRU69b4jfaoO029LtG8oSj6hcwpyL3NBJ1QV1lynyQL0Rpn4zqZMeT2nRV6UkiauJL1wTBNSx-pjXR134ox0l5znIEU_4ePnaxeFe4ITNniS0qqPPI9LGOLPOxRLBr9hY5-6oKcwrfWrndAFWfcrik_e_JX1BPjpHTp-9S5CAo44ew=
node1-1  | 
node1-1  | received from 0: ZUSuSK9chQcIs1BILj1soEnYWFTPeItD2uyQKbQwvwby6iz0AUKOXsk0UPvm5JJzAwNN5uASehGmSZCULzdXNM76XhSJygsllQ5eAxWZZJZI1dG8CuPRRTkcJmu5vyALGfSe8vX-kuD42yANSowFVUPnPHd3YGMQvw5NHr2R7QKfXeROj9Ayszz5CKQh6-Cp9tiUA8JmVbYDxFiJklFe2osACYPOmQniOuF_Ec8s1kLquvmZ31gZPY0rtw==
node1-1  | 
node1-1  | packet reached destination: F5-ELaH2um8= another attempt from node2 after forwarding
node0-1  | 
node0-1  | received from 1: receipt lOrTevgJ58rdoWbijeEdrq8AaVIT6XYrdDP6KKh2DzZKgwKE87oYG6WbGF9o-xTXOhCU6oYNTdsw4aADzn2qaLX5XY3uY-Lzj74-_U6eK0pYedsYpCMT6hqFhs8BqgKmZw8LQUSrx5VAE5OcUCN0_EbN24pXWDWDkjh3awjkaAUcYDyByEEB_F6KhKcI5yQw8DKfnjWCJNs-MgbYgOfni-A=
